Archive member included because of file (symbol)

contiki-sky.a(contiki-sky-pla)
                              obj_sky/contiki-sky-main.o (init_platform)
contiki-sky.a(button-sensor.o)
                              contiki-sky.a(contiki-sky-pla) (button_sensor)
contiki-sky.a(ds2411.o)       obj_sky/contiki-sky-main.o (ds2411_init)
contiki-sky.a(xmem.o)         obj_sky/contiki-sky-main.o (xmem_init)
contiki-sky.a(node-id.o)      obj_sky/contiki-sky-main.o (node_id_restore)
contiki-sky.a(sensors.o)      contiki-sky.a(button-sensor.o) (sensors_changed)
contiki-sky.a(cc2420.o)       obj_sky/contiki-sky-main.o (cc2420_set_pan_addr)
contiki-sky.a(cc2420-arch.o)  contiki-sky.a(cc2420.o) (cc2420_arch_init)
contiki-sky.a(uart1.o)        obj_sky/contiki-sky-main.o (uart1_active)
contiki-sky.a(uart1-putchar.o)
                              test_rime_simple.co (putchar)
contiki-sky.a(msp430.o)       contiki-sky.a(uart1.o) (msp430_add_lpm_req)
contiki-sky.a(clock.o)        obj_sky/contiki-sky-main.o (clock_init)
contiki-sky.a(leds.o)         obj_sky/contiki-sky-main.o (leds_init)
contiki-sky.a(leds-arch.o)    contiki-sky.a(leds.o) (leds_arch_init)
contiki-sky.a(watchdog.o)     obj_sky/contiki-sky-main.o (watchdog_start)
contiki-sky.a(rtimer-arch.o)  obj_sky/contiki-sky-main.o (rtimer_arch_now)
contiki-sky.a(autostart.o)    obj_sky/contiki-sky-main.o (autostart_start)
contiki-sky.a(ctimer.o)       obj_sky/contiki-sky-main.o (ctimer_init)
contiki-sky.a(energest.o)     obj_sky/contiki-sky-main.o (energest_init)
contiki-sky.a(etimer.o)       contiki-sky.a(clock.o) (etimer_request_poll)
contiki-sky.a(process.o)      contiki-sky.a(ctimer.o) (process_current)
contiki-sky.a(rtimer.o)       obj_sky/contiki-sky-main.o (rtimer_init)
contiki-sky.a(timer.o)        obj_sky/contiki-sky-main.o (timer_set)
contiki-sky.a(serial-line.o)  obj_sky/contiki-sky-main.o (serial_line_input_byte)
contiki-sky.a(list.o)         contiki-sky.a(ctimer.o) (list_init)
contiki-sky.a(random.o)       obj_sky/contiki-sky-main.o (random_init)
contiki-sky.a(ringbuf.o)      contiki-sky.a(serial-line.o) (ringbuf_init)
contiki-sky.a(broadcast.o)    test_rime_simple.co (broadcast_open)
contiki-sky.a(channel.o)      contiki-sky.a(broadcast.o) (channel_set_attributes)
contiki-sky.a(rime.o)         obj_sky/contiki-sky-main.o (rime_driver)
contiki-sky.a(unicast.o)      test_rime_simple.co (unicast_open)
contiki-sky.a(csma.o)         obj_sky/contiki-sky-main.o (csma_driver)
contiki-sky.a(mac.o)          contiki-sky.a(csma.o) (mac_call_sent_callback)
contiki-sky.a(linkaddr.o)     obj_sky/contiki-sky-main.o (linkaddr_copy)
contiki-sky.a(packetbuf.o)    contiki-sky.a(rime.o) (packetbuf_compact)
contiki-sky.a(queuebuf.o)     contiki-sky.a(rime.o) (queuebuf_init)
contiki-sky.a(contikimac.o)   obj_sky/contiki-sky-main.o (contikimac_driver)
contiki-sky.a(contikimac-fram)
                              contiki-sky.a(contikimac.o) (contikimac_framer)
contiki-sky.a(nullsec.o)      obj_sky/contiki-sky-main.o (nullsec_driver)
contiki-sky.a(spi.o)          contiki-sky.a(xmem.o) (spi_init)
contiki-sky.a(compower.o)     contiki-sky.a(contikimac.o) (compower_idle_activity)
contiki-sky.a(memb.o)         contiki-sky.a(csma.o) (memb_init)
contiki-sky.a(abc.o)          contiki-sky.a(broadcast.o) (abc_open)
contiki-sky.a(announcement.o)
                              contiki-sky.a(rime.o) (announcement_init)
contiki-sky.a(broadcast-annou)
                              contiki-sky.a(rime.o) (broadcast_announcement_init)
contiki-sky.a(chameleon.o)    contiki-sky.a(rime.o) (chameleon_init)
contiki-sky.a(framer-802154.o)
                              contiki-sky.a(contikimac-fram) (framer_802154)
contiki-sky.a(framer.o)       contiki-sky.a(framer-802154.o) (framer_canonical_create_and_secure)
contiki-sky.a(mac-sequence.o)
                              contiki-sky.a(contikimac.o) (mac_sequence_is_duplicate)
contiki-sky.a(chameleon-bitop)
                              contiki-sky.a(chameleon.o) (chameleon_bitopt)
contiki-sky.a(frame802154.o)  contiki-sky.a(framer-802154.o) (frame802154_hdrlen)
/usr/local/msp430/bin/../lib/gcc/msp430/4.7.0/mmpy-16/libgcc.a(_mulsi3.o)
                              contiki-sky.a(csma.o) (__mulsi3)
/usr/local/msp430/bin/../lib/gcc/msp430/4.7.0/mmpy-16/libgcc.a(_udivmod32.o)
                              obj_sky/contiki-sky-main.o (__udivsi3)
/usr/local/msp430/bin/../lib/gcc/msp430/4.7.0/../../../../msp430/lib/mmpy-16/libc.a(printf.o)
                              test_rime_simple.co (printf)
/usr/local/msp430/bin/../lib/gcc/msp430/4.7.0/../../../../msp430/lib/mmpy-16/libc.a(vuprintf.o)
                              /usr/local/msp430/bin/../lib/gcc/msp430/4.7.0/../../../../msp430/lib/mmpy-16/libc.a(printf.o) (vuprintf)
/usr/local/msp430/bin/../lib/gcc/msp430/4.7.0/../../../../msp430/lib/mmpy-16/libc.a(puts.o)
                              test_rime_simple.co (puts)
/usr/local/msp430/bin/../lib/gcc/msp430/4.7.0/../../../../msp430/lib/mmpy-16/libc.a(rand.o)
[...]
Memory Configuration

Name             Origin             Length             Attributes
sfr              0x00000000         0x00000010
peripheral_8bit  0x00000010         0x000000f0
peripheral_16bit 0x00000100         0x00000100
ram_mirror       0x00000200         0x00000800         xw
infomem          0x00001000         0x00000100
infob            0x00001000         0x00000080
infoa            0x00001080         0x00000080
ram              0x00001100         0x00002800         xw
rom              0x00004000         0x0000bfe0         xr
vectors          0x0000ffe0         0x00000020
bsl              0x00000000         0x00000000
infoc            0x00000000         0x00000000
infod            0x00000000         0x00000000
ram2             0x00000000         0x00000000         xw
usbram           0x00000000         0x00000000         xw
far_rom          0x00000000         0x00000000
*default*        0x00000000         0xffffffff

Linker script and memory map

LOAD /usr/local/msp430/bin/../lib/gcc/msp430/4.7.0/mmpy-16/crt0ivtbl16.o
LOAD test_rime_simple.co
LOAD obj_sky/contiki-sky-main.o
LOAD contiki-sky.a
LOAD /usr/local/msp430/bin/../lib/gcc/msp430/4.7.0/mmpy-16/libgcc.a
LOAD /usr/local/msp430/bin/../lib/gcc/msp430/4.7.0/../../../../msp430/lib/mmpy-16/libc.a
LOAD /usr/local/msp430/bin/../lib/gcc/msp430/4.7.0/mmpy-16/libgcc.a
LOAD /usr/local/msp430/bin/../lib/gcc/msp430/4.7.0/mmpy-16/libcrt0.a
                0x00000080                PROVIDE (__info_segment_size, 0x80)
                0x00001000                PROVIDE (__infob, 0x1000)
                0x00001080                PROVIDE (__infoa, 0x1080)
                0x00000000                __IE1 = 0x0
                0x00000002                __IFG1 = 0x2
                0x00000004                __ME1 = 0x4
                0x00000001                __IE2 = 0x1
                0x00000003                __IFG2 = 0x3
                0x00000005                __ME2 = 0x5
                0x00000120                __WDTCTL = 0x120
                0x00000130                __MPY = 0x130
                0x00000132                __MPYS = 0x132
                0x00000134                __MAC = 0x134
                0x00000136                __MACS = 0x136
                0x00000138                __OP2 = 0x138
                0x0000013a                __RESLO = 0x13a
                0x0000013c                __RESHI = 0x13c
                0x0000013e                __SUMEXT = 0x13e
                0x00000020                __P1IN = 0x20
                0x00000021                __P1OUT = 0x21
                0x00000022                __P1DIR = 0x22
                0x00000023                __P1IFG = 0x23
                0x00000024                __P1IES = 0x24
                0x00000025                __P1IE = 0x25
                0x00000026                __P1SEL = 0x26
                0x00000028                __P2IN = 0x28
                0x00000029                __P2OUT = 0x29
                0x0000002a                __P2DIR = 0x2a
                0x0000002b                __P2IFG = 0x2b
                0x0000002c                __P2IES = 0x2c
                0x0000002d                __P2IE = 0x2d
                0x0000002e                __P2SEL = 0x2e
                0x00000018                __P3IN = 0x18
                0x00000019                __P3OUT = 0x19
                0x0000001a                __P3DIR = 0x1a
                0x0000001b                __P3SEL = 0x1b
                0x0000001c                __P4IN = 0x1c
                0x0000001d                __P4OUT = 0x1d
                0x0000001e                __P4DIR = 0x1e
                0x0000001f                __P4SEL = 0x1f
                0x00000030                __P5IN = 0x30
                0x00000031                __P5OUT = 0x31
                0x00000032                __P5DIR = 0x32
                0x00000033                __P5SEL = 0x33
                0x00000034                __P6IN = 0x34
                0x00000035                __P6OUT = 0x35
                0x00000036                __P6DIR = 0x36
                0x00000037                __P6SEL = 0x37
                0x00000070                __U0CTL = 0x70
                0x00000071                __U0TCTL = 0x71
                0x00000072                __U0RCTL = 0x72
                0x00000073                __U0MCTL = 0x73
                0x00000074                __U0BR0 = 0x74
                0x00000075                __U0BR1 = 0x75
                0x00000076                __U0RXBUF = 0x76
                0x00000077                __U0TXBUF = 0x77
                0x00000078                __U1CTL = 0x78
                0x00000079                __U1TCTL = 0x79
                0x0000007a                __U1RCTL = 0x7a
                0x0000007b                __U1MCTL = 0x7b
                0x0000007c                __U1BR0 = 0x7c
                0x0000007d                __U1BR1 = 0x7d
                0x0000007e                __U1RXBUF = 0x7e
                0x0000007f                __U1TXBUF = 0x7f
                0x00000050                __I2CIE = 0x50
                0x00000051                __I2CIFG = 0x51
                0x00000052                __I2CNDAT = 0x52
                0x00000071                __I2CTCTL = 0x71
                0x00000072                __I2CDCTL = 0x72
                0x00000073                __I2CPSC = 0x73
                0x00000074                __I2CSCLH = 0x74
                0x00000075                __I2CSCLL = 0x75
                0x00000076                __I2CDRB = 0x76
                0x00000076                __I2CDRW = 0x76
                0x00000118                __I2COA = 0x118
                0x0000011a                __I2CSA = 0x11a
                0x0000011c                __I2CIV = 0x11c
                0x0000012e                __TAIV = 0x12e
                0x00000160                __TACTL = 0x160
                0x00000162                __TACCTL0 = 0x162
                0x00000164                __TACCTL1 = 0x164
                0x00000166                __TACCTL2 = 0x166
                0x00000170                __TAR = 0x170
                0x00000172                __TACCR0 = 0x172
                0x00000174                __TACCR1 = 0x174
                0x00000176                __TACCR2 = 0x176
                0x0000011e                __TBIV = 0x11e
                0x00000180                __TBCTL = 0x180
                0x00000182                __TBCCTL0 = 0x182
                0x00000184                __TBCCTL1 = 0x184
                0x00000186                __TBCCTL2 = 0x186
                0x00000188                __TBCCTL3 = 0x188
                0x0000018a                __TBCCTL4 = 0x18a
                0x0000018c                __TBCCTL5 = 0x18c
                0x0000018e                __TBCCTL6 = 0x18e
                0x00000190                __TBR = 0x190
                0x00000192                __TBCCR0 = 0x192
                0x00000194                __TBCCR1 = 0x194
                0x00000196                __TBCCR2 = 0x196
                0x00000198                __TBCCR3 = 0x198
                0x0000019a                __TBCCR4 = 0x19a
                0x0000019c                __TBCCR5 = 0x19c
                0x0000019e                __TBCCR6 = 0x19e
                0x00000056                __DCOCTL = 0x56
                0x00000057                __BCSCTL1 = 0x57
                0x00000058                __BCSCTL2 = 0x58
                0x00000055                __SVSCTL = 0x55
                0x00000128                __FCTL1 = 0x128
                0x0000012a                __FCTL2 = 0x12a
                0x0000012c                __FCTL3 = 0x12c
                0x00000059                __CACTL1 = 0x59
                0x0000005a                __CACTL2 = 0x5a
                0x0000005b                __CAPD = 0x5b
                0x000001a0                __ADC12CTL0 = 0x1a0
                0x000001a2                __ADC12CTL1 = 0x1a2
                0x000001a4                __ADC12IFG = 0x1a4
                0x000001a6                __ADC12IE = 0x1a6
                0x000001a8                __ADC12IV = 0x1a8
                0x00000140                __ADC12MEM0 = 0x140
                0x00000142                __ADC12MEM1 = 0x142
                0x00000144                __ADC12MEM2 = 0x144
                0x00000146                __ADC12MEM3 = 0x146
                0x00000148                __ADC12MEM4 = 0x148
                0x0000014a                __ADC12MEM5 = 0x14a
                0x0000014c                __ADC12MEM6 = 0x14c
                0x0000014e                __ADC12MEM7 = 0x14e
                0x00000150                __ADC12MEM8 = 0x150
                0x00000152                __ADC12MEM9 = 0x152
                0x00000154                __ADC12MEM10 = 0x154
                0x00000156                __ADC12MEM11 = 0x156
                0x00000158                __ADC12MEM12 = 0x158
                0x0000015a                __ADC12MEM13 = 0x15a
                0x0000015c                __ADC12MEM14 = 0x15c
                0x0000015e                __ADC12MEM15 = 0x15e
                0x00000080                __ADC12MCTL0 = 0x80
                0x00000081                __ADC12MCTL1 = 0x81
                0x00000082                __ADC12MCTL2 = 0x82
                0x00000083                __ADC12MCTL3 = 0x83
                0x00000084                __ADC12MCTL4 = 0x84
                0x00000085                __ADC12MCTL5 = 0x85
                0x00000086                __ADC12MCTL6 = 0x86
                0x00000087                __ADC12MCTL7 = 0x87
                0x00000088                __ADC12MCTL8 = 0x88
                0x00000089                __ADC12MCTL9 = 0x89
                0x0000008a                __ADC12MCTL10 = 0x8a
                0x0000008b                __ADC12MCTL11 = 0x8b
                0x0000008c                __ADC12MCTL12 = 0x8c
                0x0000008d                __ADC12MCTL13 = 0x8d
                0x0000008e                __ADC12MCTL14 = 0x8e
                0x0000008f                __ADC12MCTL15 = 0x8f
                0x000001c0                __DAC12_0CTL = 0x1c0
                0x000001c2                __DAC12_1CTL = 0x1c2
                0x000001c8                __DAC12_0DAT = 0x1c8
                0x000001ca                __DAC12_1DAT = 0x1ca
                0x00000122                __DMACTL0 = 0x122
                0x00000124                __DMACTL1 = 0x124
                0x000001e0                __DMA0CTL = 0x1e0
                0x000001e8                __DMA1CTL = 0x1e8
                0x000001f0                __DMA2CTL = 0x1f0
                0x000001e2                __DMA0SA = 0x1e2
                0x000001e4                __DMA0DA = 0x1e4
                0x000001e6                __DMA0SZ = 0x1e6
                0x000001ea                __DMA1SA = 0x1ea
                0x000001ec                __DMA1DA = 0x1ec
                0x000001ee                __DMA1SZ = 0x1ee
                0x000001f2                __DMA2SA = 0x1f2
                0x000001f4                __DMA2DA = 0x1f4
                0x000001f6                __DMA2SZ = 0x1f6

.hash
 *(.hash)

.dynsym
 *(.dynsym)

.dynstr
 *(.dynstr)

.gnu.version
 *(.gnu.version)

.gnu.version_d
 *(.gnu.version_d)

.gnu.version_r
 *(.gnu.version_r)

.rel.init
 *(.rel.init)

.rela.init
 *(.rela.init)

.rel.fini
 *(.rel.fini)

.rela.fini
 *(.rela.fini)

.rel.text
 *(.rel.text .rel.text.* .rel.gnu.linkonce.t.*)

.rela.text
 *(.rela.text .rela.text.* .rela.gnu.linkonce.t.*)

.rel.rodata
 *(.rel.rodata .rel.rodata.* .rel.gnu.linkonce.r.*)

.rela.rodata
 *(.rela.rodata .rela.rodata.* .rela.gnu.linkonce.r.*)

.rel.data
 *(.rel.data .rel.data.* .rel.gnu.linkonce.d.*)

.rela.data
 *(.rela.data .rela.data.* .rela.gnu.linkonce.d.*)

.rel.bss
 *(.rel.bss .rel.bss.* .rel.gnu.linkonce.b.*)

.rela.bss
 *(.rela.bss .rela.bss.* .rela.gnu.linkonce.b.*)

.rel.ctors
 *(.rel.ctors)

.rela.ctors
 *(.rela.ctors)

.rel.dtors
 *(.rel.dtors)

.rela.dtors
 *(.rela.dtors)

.rel.got
 *(.rel.got)

.rela.got
 *(.rela.got)

.rel.plt
 *(.rel.plt)

.rela.plt
 *(.rela.plt)

.text           0x00004000     0x527e
                0x00004000                . = ALIGN (0x2)
 *(.init .init.*)
 *(.init0)
 .init0         0x00004000        0x0 /usr/local/msp430/bin/../lib/gcc/msp430/4.7.0/mmpy-16/libcrt0.a(_reset_vector__.o)
                0x00004000                _reset_vector__
 *(.init1)
 .init1         0x00004000        0xc /usr/local/msp430/bin/../lib/gcc/msp430/4.7.0/mmpy-16/libcrt0.a(__watchdog_support.o)
                0x00004000                __watchdog_support
 *(.init2)
 .init2         0x0000400c        0x4 /usr/local/msp430/bin/../lib/gcc/msp430/4.7.0/mmpy-16/libcrt0.a(__init_stack.o)
                0x0000400c                __init_stack
 *(.init3)
 .init3         0x00004010        0x0 /usr/local/msp430/bin/../lib/gcc/msp430/4.7.0/mmpy-16/libcrt0.a(__low_level_init.o)
                0x00004010                __low_level_init
 *(.init4)
 .init4         0x00004010       0x18 /usr/local/msp430/bin/../lib/gcc/msp430/4.7.0/mmpy-16/libcrt0.a(_copy_data.o)
                0x00004010                __do_copy_data
 .init4         0x00004028       0x16 /usr/local/msp430/bin/../lib/gcc/msp430/4.7.0/mmpy-16/libcrt0.a(_clear_bss.o)
                0x00004028                __do_clear_bss
 *(.init5)
 *(.init6)
 *(.init7)
 *(.init8)
 *(.init9)
 .init9         0x0000403e      0x2ce obj_sky/contiki-sky-main.o
                0x0000403e                main
 *(.fini9)
 .fini9         0x0000430c        0x0 /usr/local/msp430/bin/../lib/gcc/msp430/4.7.0/mmpy-16/libcrt0.a(__stop_progExec__.o)
                0x0000430c                __stop_progExec__
 *(.fini8)
 *(.fini7)
 *(.fini6)
 *(.fini5)
 *(.fini4)
 *(.fini3)
 *(.fini2)
 *(.fini1)
 *(.fini0)
 .fini0         0x0000430c        0x6 /usr/local/msp430/bin/../lib/gcc/msp430/4.7.0/mmpy-16/libcrt0.a(_endless_loop__.o)
                0x0000430c                _endless_loop__
 *(.fini .fini.*)
                0x00004312                . = ALIGN (0x2)
                0x00004312                __ctors_start = .
 *(.ctors)
                0x00004312                __ctors_end = .
                0x00004312                __dtors_start = .
 *(.dtors)
                0x00004312                __dtors_end = .
                0x00004312                . = ALIGN (0x2)
 *(.text .text.* .gnu.linkonce.t.*)
 .text          0x00004312        0x4 /usr/local/msp430/bin/../lib/gcc/msp430/4.7.0/mmpy-16/crt0ivtbl16.o
                0x00004312                __isr_14
                0x00004312                __isr_11
                0x00004312                __isr_2
                0x00004312                __isr_7
                0x00004312                __isr_0
                0x00004312                __isr_8
                0x00004312                __isr_3
                0x00004312                __isr_12
                0x00004312                __isr_13
                0x00004312                __isr_9
 .text.process_thread_main_process
                0x00004316       0x80 test_rime_simple.co
 .text.recv_uc  0x00004396      0x17c test_rime_simple.co
 .text.broadcast_recv
                0x00004512      0x118 test_rime_simple.co
 .text.process_thread_example_broadcast_process
                0x0000462a      0x25c test_rime_simple.co
 .text.start_network_layer
                0x00004886       0x3c obj_sky/contiki-sky-main.o
 .text.init_platform
                0x000048c2        0xc contiki-sky.a(contiki-sky-pla)
                0x000048c2                init_platform
 .text.status   0x000048ce       0x18 contiki-sky.a(button-sensor.o)
 .text.value    0x000048e6       0x20 contiki-sky.a(button-sensor.o)
 .text.configure
                0x00004906       0x4c contiki-sky.a(button-sensor.o)
 .text.irq_p2   0x00004952       0x88 contiki-sky.a(button-sensor.o)
                0x00004952                irq_p2
                0x00004952                __isr_1
 .text.owreadb  0x000049da       0x50 contiki-sky.a(ds2411.o)
 .text.ds2411_init
                0x00004a2a      0x120 contiki-sky.a(ds2411.o)
                0x00004a2a                ds2411_init
 .text.wait_ready
                0x00004b4a       0x4a contiki-sky.a(xmem.o)
 .text.xmem_init
                0x00004b94       0x3c contiki-sky.a(xmem.o)
                0x00004b94                xmem_init
 .text.xmem_pread
                0x00004bd0       0xe0 contiki-sky.a(xmem.o)
                0x00004bd0                xmem_pread
 .text.node_id_restore
                0x00004cb0       0x38 contiki-sky.a(node-id.o)
                0x00004cb0                node_id_restore
 .text.process_thread_sensors_process
                0x00004ce8       0xc2 contiki-sky.a(sensors.o)
 .text.sensors_changed
                0x00004daa       0x2a contiki-sky.a(sensors.o)
                0x00004daa                sensors_changed
 .text.get_object
                0x00004dd4        0x4 contiki-sky.a(cc2420.o)
 .text.set_object
                0x00004dd8        0x4 contiki-sky.a(cc2420.o)
 .text.strobe   0x00004ddc       0x1c contiki-sky.a(cc2420.o)
 .text.getreg   0x00004df8       0x4c contiki-sky.a(cc2420.o)
 .text.setreg   0x00004e44       0x4c contiki-sky.a(cc2420.o)
 .text.write_ram
                0x00004e90       0x7c contiki-sky.a(cc2420.o)
 .text.write_fifo_buf
                0x00004f0c       0x3c contiki-sky.a(cc2420.o)
 .text.get_status
                0x00004f48       0x20 contiki-sky.a(cc2420.o)
 .text.set_txpower
                0x00004f68       0x24 contiki-sky.a(cc2420.o)
 .text.cc2420_receiving_packet
                0x00004f8c        0xc contiki-sky.a(cc2420.o)
 .text.pending_packet
                0x00004f98        0x8 contiki-sky.a(cc2420.o)
 .text.on       0x00004fa0       0x1e contiki-sky.a(cc2420.o)
 .text.wait_for_transmission
                0x00004fbe       0x22 contiki-sky.a(cc2420.o)
 .text.wait_for_status
                0x00004fe0       0x28 contiki-sky.a(cc2420.o)
 .text.getrxdata
                0x00005008       0x50 contiki-sky.a(cc2420.o)
 .text.flushrx  0x00005058       0x1a contiki-sky.a(cc2420.o)
 .text.off      0x00005072       0x56 contiki-sky.a(cc2420.o)
 .text.RELEASE_LOCK
                0x000050c8       0x28 contiki-sky.a(cc2420.o)
 .text.set_key  0x000050f0       0x18 contiki-sky.a(cc2420.o)
 .text.cc2420_prepare
                0x00005108       0x3c contiki-sky.a(cc2420.o)
 .text.cc2420_on
                0x00005144       0x22 contiki-sky.a(cc2420.o)
                0x00005144                cc2420_on
 .text.cc2420_off
                0x00005166       0x30 contiki-sky.a(cc2420.o)
                0x00005166                cc2420_off
 .text.cc2420_cca
                0x00005196       0x68 contiki-sky.a(cc2420.o)
 .text.cc2420_read
                0x000051fe       0xac contiki-sky.a(cc2420.o)
 .text.process_thread_cc2420_process
                0x000052aa       0x54 contiki-sky.a(cc2420.o)
 .text.encrypt  0x000052fe       0x88 contiki-sky.a(cc2420.o)
 .text.cc2420_set_channel
                0x00005386       0x3c contiki-sky.a(cc2420.o)
                0x00005386                cc2420_set_channel
 .text.cc2420_set_pan_addr
                0x000053c2       0x4c contiki-sky.a(cc2420.o)
                0x000053c2                cc2420_set_pan_addr
 .text.cc2420_interrupt
                0x0000540e       0x16 contiki-sky.a(cc2420.o)
                0x0000540e                cc2420_interrupt
 .text.cc2420_set_txpower
                0x00005424        0xe contiki-sky.a(cc2420.o)
                0x00005424                cc2420_set_txpower
 .text.cc2420_get_txpower
                0x00005432       0x1e contiki-sky.a(cc2420.o)
                0x00005432                cc2420_get_txpower
 .text.cc2420_transmit
                0x00005450      0x12c contiki-sky.a(cc2420.o)
 .text.cc2420_send
                0x0000557c       0x12 contiki-sky.a(cc2420.o)
 .text.cc2420_rssi
                0x0000558e       0x4c contiki-sky.a(cc2420.o)
                0x0000558e                cc2420_rssi
 .text.get_value
                0x000055da       0xa8 contiki-sky.a(cc2420.o)
 .text.cc2420_set_cca_threshold
                0x00005682       0x16 contiki-sky.a(cc2420.o)
                0x00005682                cc2420_set_cca_threshold
 .text.set_value
                0x00005698       0x86 contiki-sky.a(cc2420.o)
 .text.cc2420_init
                0x0000571e       0xd8 contiki-sky.a(cc2420.o)
                0x0000571e                cc2420_init
 .text.cc2420_port1_interrupt
                0x000057f6       0x62 contiki-sky.a(cc2420-arch.o)
                0x000057f6                __isr_4
                0x000057f6                cc2420_port1_interrupt
 .text.cc2420_arch_init
                0x00005858       0x1a contiki-sky.a(cc2420-arch.o)
                0x00005858                cc2420_arch_init
 .text.handle_rxdma_timer
                0x00005872       0x3a contiki-sky.a(uart1.o)
 .text.uart1_active
                0x000058ac       0x18 contiki-sky.a(uart1.o)
                0x000058ac                uart1_active
 .text.uart1_set_input
                0x000058c4       0x20 contiki-sky.a(uart1.o)
                0x000058c4                uart1_set_input
 .text.uart1_writeb
                0x000058e4       0x18 contiki-sky.a(uart1.o)
                0x000058e4                uart1_writeb
 .text.uart1_init
                0x000058fc       0xf4 contiki-sky.a(uart1.o)
                0x000058fc                uart1_init
 .text.putchar  0x000059f0       0x10 contiki-sky.a(uart1-putchar.o)
                0x000059f0                putchar
 .text.msp430_init_dco
                0x00005a00       0x82 contiki-sky.a(msp430.o)
                0x00005a00                msp430_init_dco
 .text.msp430_add_lpm_req
                0x00005a82        0xc contiki-sky.a(msp430.o)
                0x00005a82                msp430_add_lpm_req
 .text.msp430_cpu_init
                0x00005a8e       0x2a contiki-sky.a(msp430.o)
                0x00005a8e                msp430_cpu_init
 .text.splhigh_
                0x00005ab8        0x8 contiki-sky.a(msp430.o)
                0x00005ab8                splhigh_
 .text.msp430_sync_dco
                0x00005ac0       0x6c contiki-sky.a(msp430.o)
                0x00005ac0                msp430_sync_dco
 .text.timera1  0x00005b2c      0x11e contiki-sky.a(clock.o)
                0x00005b2c                __isr_5
                0x00005b2c                timera1
 .text.clock_time
                0x00005c4a       0x1a contiki-sky.a(clock.o)
                0x00005c4a                clock_time
 .text.clock_init
                0x00005c64       0x28 contiki-sky.a(clock.o)
                0x00005c64                clock_init
 .text.clock_delay
                0x00005c8c        0xc contiki-sky.a(clock.o)
                0x00005c8c                clock_delay
 .text.show_leds
                0x00005c98       0xf0 contiki-sky.a(leds.o)
 .text.leds_init
                0x00005d88        0xa contiki-sky.a(leds.o)
                0x00005d88                leds_init
 .text.leds_on  0x00005d92        0xa contiki-sky.a(leds.o)
                0x00005d92                leds_on
 .text.leds_off
                0x00005d9c        0xe contiki-sky.a(leds.o)
                0x00005d9c                leds_off
 .text.leds_arch_init
                0x00005daa        0xe contiki-sky.a(leds-arch.o)
                0x00005daa                leds_arch_init
 .text.leds_arch_set
                0x00005db8       0x38 contiki-sky.a(leds-arch.o)
                0x00005db8                leds_arch_set
 .text.watchdog_interrupt
                0x00005df0        0x6 contiki-sky.a(watchdog.o)
                0x00005df0                __isr_10
                0x00005df0                watchdog_interrupt
 .text.watchdog_start
                0x00005df6       0x14 contiki-sky.a(watchdog.o)
                0x00005df6                watchdog_start
 .text.watchdog_periodic
                0x00005e0a       0x12 contiki-sky.a(watchdog.o)
                0x00005e0a                watchdog_periodic
 .text.watchdog_stop
                0x00005e1c       0x16 contiki-sky.a(watchdog.o)
                0x00005e1c                watchdog_stop
 .text.watchdog_init
                0x00005e32       0x12 contiki-sky.a(watchdog.o)
                0x00005e32                watchdog_init
 .text.rtimer_arch_init
                0x00005e44        0xe contiki-sky.a(rtimer-arch.o)
                0x00005e44                rtimer_arch_init
 .text.rtimer_arch_now
                0x00005e52        0xe contiki-sky.a(rtimer-arch.o)
                0x00005e52                rtimer_arch_now
 .text.timera0  0x00005e60       0x70 contiki-sky.a(rtimer-arch.o)
                0x00005e60                __isr_6
                0x00005e60                timera0
 .text.rtimer_arch_schedule
                0x00005ed0        0x6 contiki-sky.a(rtimer-arch.o)
                0x00005ed0                rtimer_arch_schedule
 .text.autostart_start
                0x00005ed6       0x16 contiki-sky.a(autostart.o)
                0x00005ed6                autostart_start
 .text.process_thread_ctimer_process
                0x00005eec       0xa8 contiki-sky.a(ctimer.o)
 .text.ctimer_init
                0x00005f94       0x18 contiki-sky.a(ctimer.o)
                0x00005f94                ctimer_init
 .text.ctimer_set
                0x00005fac       0x50 contiki-sky.a(ctimer.o)
                0x00005fac                ctimer_set
 .text.ctimer_reset
                0x00005ffc       0x30 contiki-sky.a(ctimer.o)
                0x00005ffc                ctimer_reset
 .text.ctimer_stop
                0x0000602c       0x28 contiki-sky.a(ctimer.o)
                0x0000602c                ctimer_stop
 .text.energest_init
                0x00006054       0x26 contiki-sky.a(energest.o)
                0x00006054                energest_init
 .text.energest_type_time
                0x0000607a       0x48 contiki-sky.a(energest.o)
                0x0000607a                energest_type_time
 .text.energest_type_set
                0x000060c2        0xe contiki-sky.a(energest.o)
                0x000060c2                energest_type_set
 .text.energest_flush
                0x000060d0       0x48 contiki-sky.a(energest.o)
                0x000060d0                energest_flush
 .text.update_time
                0x00006118       0x78 contiki-sky.a(etimer.o)
 .text.etimer_request_poll
                0x00006190        0xa contiki-sky.a(etimer.o)
                0x00006190                etimer_request_poll
 .text.process_thread_etimer_process
                0x0000619a       0xcc contiki-sky.a(etimer.o)
 .text.add_timer
                0x00006266       0x40 contiki-sky.a(etimer.o)
 .text.etimer_set
                0x000062a6       0x12 contiki-sky.a(etimer.o)
                0x000062a6                etimer_set
 .text.etimer_reset
                0x000062b8       0x12 contiki-sky.a(etimer.o)
                0x000062b8                etimer_reset
 .text.etimer_expired
                0x000062ca        0xe contiki-sky.a(etimer.o)
                0x000062ca                etimer_expired
 .text.etimer_pending
                0x000062d8        0xc contiki-sky.a(etimer.o)
                0x000062d8                etimer_pending
 .text.etimer_next_expiration_time
                0x000062e4       0x16 contiki-sky.a(etimer.o)
                0x000062e4                etimer_next_expiration_time
 .text.etimer_stop
                0x000062fa       0x3e contiki-sky.a(etimer.o)
                0x000062fa                etimer_stop
 .text.call_process
                0x00006338       0x46 contiki-sky.a(process.o)
 .text.exit_process
                0x0000637e       0x96 contiki-sky.a(process.o)
 .text.do_poll  0x00006414       0x30 contiki-sky.a(process.o)
 .text.process_alloc_event
                0x00006444        0xe contiki-sky.a(process.o)
                0x00006444                process_alloc_event
 .text.process_init
                0x00006452       0x1c contiki-sky.a(process.o)
                0x00006452                process_init
 .text.process_run
                0x0000646e       0xa2 contiki-sky.a(process.o)
                0x0000646e                process_run
 .text.process_nevents
                0x00006510        0xe contiki-sky.a(process.o)
                0x00006510                process_nevents
 .text.process_post
                0x0000651e       0x54 contiki-sky.a(process.o)
                0x0000651e                process_post
 .text.process_post_synch
                0x00006572       0x12 contiki-sky.a(process.o)
                0x00006572                process_post_synch
 .text.process_start
                0x00006584       0x36 contiki-sky.a(process.o)
                0x00006584                process_start
 .text.process_poll
                0x000065ba       0x18 contiki-sky.a(process.o)
                0x000065ba                process_poll
 .text.rtimer_init
                0x000065d2        0x6 contiki-sky.a(rtimer.o)
                0x000065d2                rtimer_init
 .text.rtimer_set
                0x000065d8       0x24 contiki-sky.a(rtimer.o)
                0x000065d8                rtimer_set
 .text.rtimer_run_next
                0x000065fc       0x26 contiki-sky.a(rtimer.o)
                0x000065fc                rtimer_run_next
 .text.timer_set
                0x00006622       0x1c contiki-sky.a(timer.o)
                0x00006622                timer_set
 .text.timer_reset
                0x0000663e        0xe contiki-sky.a(timer.o)
                0x0000663e                timer_reset
 .text.timer_expired
                0x0000664c       0x2a contiki-sky.a(timer.o)
                0x0000664c                timer_expired
 .text.process_thread_serial_line_process
                0x00006676       0x9e contiki-sky.a(serial-line.o)
 .text.serial_line_input_byte
                0x00006714       0x4a contiki-sky.a(serial-line.o)
                0x00006714                serial_line_input_byte
 .text.serial_line_init
                0x0000675e       0x1c contiki-sky.a(serial-line.o)
                0x0000675e                serial_line_init
 .text.list_init
                0x0000677a        0x6 contiki-sky.a(list.o)
                0x0000677a                list_init
 .text.list_head
                0x00006780        0x4 contiki-sky.a(list.o)
                0x00006780                list_head
 .text.list_tail
                0x00006784       0x12 contiki-sky.a(list.o)
                0x00006784                list_tail
 .text.list_remove
                0x00006796       0x34 contiki-sky.a(list.o)
                0x00006796                list_remove
 .text.list_push
                0x000067ca       0x1a contiki-sky.a(list.o)
                0x000067ca                list_push
 .text.list_add
                0x000067e4       0x2a contiki-sky.a(list.o)
                0x000067e4                list_add
 .text.list_length
                0x0000680e       0x10 contiki-sky.a(list.o)
                0x0000680e                list_length
 .text.list_item_next
                0x0000681e        0xc contiki-sky.a(list.o)
                0x0000681e                list_item_next
 .text.random_init
                0x0000682a        0x6 contiki-sky.a(random.o)
                0x0000682a                random_init
 .text.random_rand
                0x00006830        0x6 contiki-sky.a(random.o)
                0x00006830                random_rand
 .text.ringbuf_init
                0x00006836       0x14 contiki-sky.a(ringbuf.o)
                0x00006836                ringbuf_init
 .text.ringbuf_put
                0x0000684a       0x38 contiki-sky.a(ringbuf.o)
                0x0000684a                ringbuf_put
 .text.ringbuf_get
                0x00006882       0x32 contiki-sky.a(ringbuf.o)
                0x00006882                ringbuf_get
 .text.sent_by_abc
                0x000068b4       0x10 contiki-sky.a(broadcast.o)
 .text.recv_from_abc
                0x000068c4       0x26 contiki-sky.a(broadcast.o)
 .text.broadcast_open
                0x000068ea       0x2a contiki-sky.a(broadcast.o)
                0x000068ea                broadcast_open
 .text.broadcast_close
                0x00006914        0x6 contiki-sky.a(broadcast.o)
                0x00006914                broadcast_close
 .text.broadcast_send
                0x0000691a       0x1a contiki-sky.a(broadcast.o)
                0x0000691a                broadcast_send
 .text.channel_init
                0x00006934        0xa contiki-sky.a(channel.o)
                0x00006934                channel_init
 .text.channel_open
                0x0000693e       0x10 contiki-sky.a(channel.o)
                0x0000693e                channel_open
 .text.channel_close
                0x0000694e        0xc contiki-sky.a(channel.o)
                0x0000694e                channel_close
 .text.channel_lookup
                0x0000695a       0x20 contiki-sky.a(channel.o)
                0x0000695a                channel_lookup
 .text.channel_set_attributes
                0x0000697a       0x24 contiki-sky.a(channel.o)
                0x0000697a                channel_set_attributes
 .text.input    0x0000699e       0x3a contiki-sky.a(rime.o)
 .text.init     0x000069d8       0x2e contiki-sky.a(rime.o)
 .text.packet_sent
                0x00006a06       0x44 contiki-sky.a(rime.o)
 .text.rime_output
                0x00006a4a       0x24 contiki-sky.a(rime.o)
                0x00006a4a                rime_output
 .text.sent_by_broadcast
                0x00006a6e       0x10 contiki-sky.a(unicast.o)
 .text.recv_from_broadcast
                0x00006a7e       0x2e contiki-sky.a(unicast.o)
 .text.unicast_open
                0x00006aac       0x2a contiki-sky.a(unicast.o)
                0x00006aac                unicast_open
 .text.unicast_send
                0x00006ad6       0x16 contiki-sky.a(unicast.o)
                0x00006ad6                unicast_send
 .text.input_packet
                0x00006aec        0x6 contiki-sky.a(csma.o)
 .text.on       0x00006af2        0x6 contiki-sky.a(csma.o)
 .text.off      0x00006af8        0x6 contiki-sky.a(csma.o)
 .text.channel_check_interval
                0x00006afe       0x10 contiki-sky.a(csma.o)
 .text.transmit_packet_list
                0x00006b0e       0x24 contiki-sky.a(csma.o)
 .text.init     0x00006b32       0x1a contiki-sky.a(csma.o)
 .text.send_packet
                0x00006b4c      0x184 contiki-sky.a(csma.o)
 .text.free_packet
                0x00006cd0       0x98 contiki-sky.a(csma.o)
 .text.packet_sent
                0x00006d68      0x130 contiki-sky.a(csma.o)
 .text.mac_call_sent_callback
                0x00006e98       0x14 contiki-sky.a(mac.o)
                0x00006e98                mac_call_sent_callback
 .text.linkaddr_copy
                0x00006eac        0xc contiki-sky.a(linkaddr.o)
                0x00006eac                linkaddr_copy
 .text.linkaddr_cmp
                0x00006eb8       0x12 contiki-sky.a(linkaddr.o)
                0x00006eb8                linkaddr_cmp
 .text.linkaddr_set_node_addr
                0x00006eca        0xc contiki-sky.a(linkaddr.o)
                0x00006eca                linkaddr_set_node_addr
 .text.packetbuf_compact
                0x00006ed6       0x2e contiki-sky.a(packetbuf.o)
                0x00006ed6                packetbuf_compact
 .text.packetbuf_copyto
                0x00006f04       0x52 contiki-sky.a(packetbuf.o)
                0x00006f04                packetbuf_copyto
 .text.packetbuf_hdrreduce
                0x00006f56       0x1a contiki-sky.a(packetbuf.o)
                0x00006f56                packetbuf_hdrreduce
 .text.packetbuf_set_datalen
                0x00006f70        0x6 contiki-sky.a(packetbuf.o)
                0x00006f70                packetbuf_set_datalen
 .text.packetbuf_dataptr
                0x00006f76        0xe contiki-sky.a(packetbuf.o)
                0x00006f76                packetbuf_dataptr
 .text.packetbuf_hdrptr
                0x00006f84        0xa contiki-sky.a(packetbuf.o)
                0x00006f84                packetbuf_hdrptr
 .text.packetbuf_datalen
                0x00006f8e        0x6 contiki-sky.a(packetbuf.o)
                0x00006f8e                packetbuf_datalen
 .text.packetbuf_hdrlen
                0x00006f94       0x10 contiki-sky.a(packetbuf.o)
                0x00006f94                packetbuf_hdrlen
 .text.packetbuf_totlen
                0x00006fa4        0xc contiki-sky.a(packetbuf.o)
                0x00006fa4                packetbuf_totlen
 .text.packetbuf_hdralloc
                0x00006fb0       0x2e contiki-sky.a(packetbuf.o)
                0x00006fb0                packetbuf_hdralloc
 .text.packetbuf_attr_clear
                0x00006fde       0x2c contiki-sky.a(packetbuf.o)
                0x00006fde                packetbuf_attr_clear
 .text.packetbuf_clear
                0x0000700a       0x1a contiki-sky.a(packetbuf.o)
                0x0000700a                packetbuf_clear
 .text.packetbuf_copyfrom
                0x00007024       0x2e contiki-sky.a(packetbuf.o)
                0x00007024                packetbuf_copyfrom
 .text.packetbuf_attr_copyto
                0x00007052       0x20 contiki-sky.a(packetbuf.o)
                0x00007052                packetbuf_attr_copyto
 .text.packetbuf_attr_copyfrom
                0x00007072       0x22 contiki-sky.a(packetbuf.o)
                0x00007072                packetbuf_attr_copyfrom
 .text.packetbuf_holds_broadcast
                0x00007094        0xe contiki-sky.a(packetbuf.o)
                0x00007094                packetbuf_holds_broadcast
 .text.queuebuf_init
                0x000070a2       0x12 contiki-sky.a(queuebuf.o)
                0x000070a2                queuebuf_init
 .text.queuebuf_new_from_packetbuf
                0x000070b4       0x52 contiki-sky.a(queuebuf.o)
                0x000070b4                queuebuf_new_from_packetbuf
 .text.queuebuf_update_attr_from_packetbuf
                0x00007106       0x12 contiki-sky.a(queuebuf.o)
                0x00007106                queuebuf_update_attr_from_packetbuf
 .text.queuebuf_update_from_packetbuf
                0x00007118       0x22 contiki-sky.a(queuebuf.o)
                0x00007118                queuebuf_update_from_packetbuf
 .text.queuebuf_free
                0x0000713a       0x2a contiki-sky.a(queuebuf.o)
                0x0000713a                queuebuf_free
 .text.queuebuf_to_packetbuf
                0x00007164       0x32 contiki-sky.a(queuebuf.o)
                0x00007164                queuebuf_to_packetbuf
 .text.queuebuf_attr
                0x00007196        0xe contiki-sky.a(queuebuf.o)
                0x00007196                queuebuf_attr
 .text.duty_cycle
                0x000071a4        0x6 contiki-sky.a(contikimac.o)
 .text.init     0x000071aa       0x2a contiki-sky.a(contikimac.o)
 .text.on       0x000071d4       0x1a contiki-sky.a(contikimac.o)
 .text.off      0x000071ee       0x22 contiki-sky.a(contikimac.o)
 .text.recv_burst_off
                0x00007210        0xa contiki-sky.a(contikimac.o)
 .text.turn_off
                0x0000721a       0x20 contiki-sky.a(contikimac.o)
 .text.turn_on  0x0000723a       0x30 contiki-sky.a(contikimac.o)
 .text.schedule_powercycle_fixed.part.4
                0x0000726a       0x34 contiki-sky.a(contikimac.o)
 .text.powercycle_turn_radio_off
                0x0000729e       0x30 contiki-sky.a(contikimac.o)
 .text.input_packet
                0x000072ce       0xb6 contiki-sky.a(contikimac.o)
 .text.send_packet.isra.7
                0x00007384      0x20c contiki-sky.a(contikimac.o)
 .text.qsend_list
                0x00007590       0xc4 contiki-sky.a(contikimac.o)
 .text.qsend_packet
                0x00007654       0x28 contiki-sky.a(contikimac.o)
 .text.powercycle
                0x0000767c      0x1d6 contiki-sky.a(contikimac.o)
 .text.hdr_length
                0x00007852        0x8 contiki-sky.a(contikimac-fram)
 .text.parse    0x0000785a       0x3e contiki-sky.a(contikimac-fram)
 .text.create   0x00007898       0x26 contiki-sky.a(contikimac-fram)
 .text.create_and_secure
                0x000078be       0x6a contiki-sky.a(contikimac-fram)
 .text.bootstrap
                0x00007928        0x4 contiki-sky.a(nullsec.o)
 .text.send     0x0000792c        0xa contiki-sky.a(nullsec.o)
 .text.on_frame_created
                0x00007936        0x4 contiki-sky.a(nullsec.o)
 .text.input    0x0000793a        0x6 contiki-sky.a(nullsec.o)
 .text.get_overhead
                0x00007940        0x4 contiki-sky.a(nullsec.o)
 .text.spi_init
                0x00007944       0x30 contiki-sky.a(spi.o)
                0x00007944                spi_init
 .text.compower_accumulate
                0x00007974       0x72 contiki-sky.a(compower.o)
                0x00007974                compower_accumulate
 .text.compower_clear
                0x000079e6       0x12 contiki-sky.a(compower.o)
                0x000079e6                compower_clear
 .text.compower_attrconv
                0x000079f8       0x10 contiki-sky.a(compower.o)
                0x000079f8                compower_attrconv
 .text.memb_init
                0x00007a08       0x36 contiki-sky.a(memb.o)
                0x00007a08                memb_init
 .text.memb_alloc
                0x00007a3e       0x3e contiki-sky.a(memb.o)
                0x00007a3e                memb_alloc
 .text.memb_free
                0x00007a7c       0x3a contiki-sky.a(memb.o)
                0x00007a7c                memb_free
 .text.memb_inmemb
                0x00007ab6       0x2a contiki-sky.a(memb.o)
                0x00007ab6                memb_inmemb
 .text.abc_open
                0x00007ae0       0x26 contiki-sky.a(abc.o)
                0x00007ae0                abc_open
 .text.abc_close
                0x00007b06        0x6 contiki-sky.a(abc.o)
                0x00007b06                abc_close
 .text.abc_send
                0x00007b0c        0x6 contiki-sky.a(abc.o)
                0x00007b0c                abc_send
 .text.abc_input
                0x00007b12        0xe contiki-sky.a(abc.o)
                0x00007b12                abc_input
 .text.abc_sent
                0x00007b20       0x10 contiki-sky.a(abc.o)
                0x00007b20                abc_sent
 .text.announcement_init
                0x00007b30        0xa contiki-sky.a(announcement.o)
                0x00007b30                announcement_init
 .text.announcement_register_observer_callback
                0x00007b3a        0x6 contiki-sky.a(announcement.o)
                0x00007b3a                announcement_register_observer_callback
 .text.announcement_list
                0x00007b40        0xa contiki-sky.a(announcement.o)
                0x00007b40                announcement_list
 .text.announcement_heard
                0x00007b4a       0x42 contiki-sky.a(announcement.o)
                0x00007b4a                announcement_heard
 .text.adv_packet_sent
                0x00007b8c        0x2 contiki-sky.a(broadcast-annou)
 .text.adv_packet_received
                0x00007b8e       0x64 contiki-sky.a(broadcast-annou)
 .text.set_timers
                0x00007bf2       0x4a contiki-sky.a(broadcast-annou)
 .text.send_timer
                0x00007c3c       0x32 contiki-sky.a(broadcast-annou)
 .text.send_adv
                0x00007c6e       0x66 contiki-sky.a(broadcast-annou)
 .text.new_announcement
                0x00007cd4       0x18 contiki-sky.a(broadcast-annou)
 .text.broadcast_announcement_init
                0x00007cec       0x48 contiki-sky.a(broadcast-annou)
                0x00007cec                broadcast_announcement_init
 .text.chameleon_init
                0x00007d34        0x6 contiki-sky.a(chameleon.o)
                0x00007d34                chameleon_init
 .text.chameleon_parse
                0x00007d3a       0x10 contiki-sky.a(chameleon.o)
                0x00007d3a                chameleon_parse
 .text.chameleon_create
                0x00007d4a       0x1c contiki-sky.a(chameleon.o)
                0x00007d4a                chameleon_create
 .text.chameleon_hdrsize
                0x00007d66        0x6 contiki-sky.a(chameleon.o)
                0x00007d66                chameleon_hdrsize
 .text.create_frame.isra.0
                0x00007d6c      0x104 contiki-sky.a(framer-802154.o)
 .text.create   0x00007e70        0x8 contiki-sky.a(framer-802154.o)
 .text.hdr_length
                0x00007e78        0x8 contiki-sky.a(framer-802154.o)
 .text.parse    0x00007e80       0xa4 contiki-sky.a(framer-802154.o)
 .text.framer_canonical_create_and_secure
                0x00007f24       0x20 contiki-sky.a(framer.o)
                0x00007f24                framer_canonical_create_and_secure
 .text.mac_sequence_is_duplicate
                0x00007f44       0x3c contiki-sky.a(mac-sequence.o)
                0x00007f44                mac_sequence_is_duplicate
 .text.mac_sequence_register_seqno
                0x00007f80       0x5c contiki-sky.a(mac-sequence.o)
                0x00007f80                mac_sequence_register_seqno
 .text.header_size
                0x00007fdc       0x16 contiki-sky.a(chameleon-bitop)
 .text.get_bits_in_byte
                0x00007ff2       0x3a contiki-sky.a(chameleon-bitop)
                0x00007ff2                get_bits_in_byte
 .text.get_bits
                0x0000802c       0xa2 contiki-sky.a(chameleon-bitop)
                0x0000802c                get_bits
 .text.unpack_header
                0x000080ce       0xd2 contiki-sky.a(chameleon-bitop)
 .text.set_bits_in_byte
                0x000081a0       0x2c contiki-sky.a(chameleon-bitop)
                0x000081a0                set_bits_in_byte
 .text.set_bits
                0x000081cc       0xc8 contiki-sky.a(chameleon-bitop)
                0x000081cc                set_bits
 .text.pack_header
                0x00008294       0xbe contiki-sky.a(chameleon-bitop)
 .text.field_len
                0x00008352       0x90 contiki-sky.a(frame802154.o)
 .text.frame802154_hdrlen
                0x000083e2       0x2e contiki-sky.a(frame802154.o)
                0x000083e2                frame802154_hdrlen
 .text.frame802154_create
                0x00008410      0x146 contiki-sky.a(frame802154.o)
                0x00008410                frame802154_create
 .text.frame802154_parse
                0x00008556      0x1ba contiki-sky.a(frame802154.o)
                0x00008556                frame802154_parse
 .text.libgcc   0x00008710       0x2c /usr/local/msp430/bin/../lib/gcc/msp430/4.7.0/mmpy-16/libgcc.a(_mulsi3.o)
                0x00008710                __mulsi3
 .text.libgcc   0x0000873c       0x40 /usr/local/msp430/bin/../lib/gcc/msp430/4.7.0/mmpy-16/libgcc.a(_udivmod32.o)
                0x0000873c                __udivsi3
                0x0000873c                __ext_udivmod32
                0x00008772                __umodsi3
 .text.printf   0x0000877c       0x10 /usr/local/msp430/bin/../lib/gcc/msp430/4.7.0/../../../../msp430/lib/mmpy-16/libc.a(printf.o)
                0x0000877c                printf
 .text.print_field
                0x0000878c      0x194 /usr/local/msp430/bin/../lib/gcc/msp430/4.7.0/../../../../msp430/lib/mmpy-16/libc.a(vuprintf.o)
 .text.vuprintf
                0x00008920      0x63c /usr/local/msp430/bin/../lib/gcc/msp430/4.7.0/../../../../msp430/lib/mmpy-16/libc.a(vuprintf.o)
                0x00008920                vuprintf
 .text.puts     0x00008f5c       0x2c /usr/local/msp430/bin/../lib/gcc/msp430/4.7.0/../../../../msp430/lib/mmpy-16/libc.a(puts.o)
                0x00008f5c                puts
 .text.rand     0x00008f88       0x26 /usr/local/msp430/bin/../lib/gcc/msp430/4.7.0/../../../../msp430/lib/mmpy-16/libc.a(rand.o)
                0x00008f88                rand
 .text.srand    0x00008fae        0xa /usr/local/msp430/bin/../lib/gcc/msp430/4.7.0/../../../../msp430/lib/mmpy-16/libc.a(rand.o)
                0x00008fae                srand
 .text.strcmp   0x00008fb8       0x1e /usr/local/msp430/bin/../lib/gcc/msp430/4.7.0/../../../../msp430/lib/mmpy-16/libc.a(strcmp.o)
                0x00008fb8                strcmp
 .text.memcmp   0x00008fd6       0x30 /usr/local/msp430/bin/../lib/gcc/msp430/4.7.0/../../../../msp430/lib/mmpy-16/libc.a(memcmp.o)
                0x00008fd6                memcmp
 .text.memcpy   0x00009006       0xfa /usr/local/msp430/bin/../lib/gcc/msp430/4.7.0/../../../../msp430/lib/mmpy-16/libc.a(memcpy.o)
                0x00009006                memcpy
 .text.memset   0x00009100       0x6a /usr/local/msp430/bin/../lib/gcc/msp430/4.7.0/../../../../msp430/lib/mmpy-16/libc.a(memset.o)
                0x00009100                memset
 .text.libgcc   0x0000916a       0x22 /usr/local/msp430/bin/../lib/gcc/msp430/4.7.0/mmpy-16/libgcc.a(_udivmod16.o)
                0x0000916a                __udivhi3
                0x0000916a                __ext_udivmod16
                0x00009184                __umodhi3
 .text.libgcc   0x0000918c       0xf0 /usr/local/msp430/bin/../lib/gcc/msp430/4.7.0/mmpy-16/libgcc.a(_udivmod64.o)
                0x0000918c                __xabi_udivmod64
                0x000091ea                __udivdi3
                0x00009210                __umoddi3
                0x0000923e                __udivmoddi4
 .text.crt0     0x0000927c        0x2 /usr/local/msp430/bin/../lib/gcc/msp430/4.7.0/mmpy-16/libcrt0.a(_unexpected_.o)
                0x0000927c                _unexpected_
 *(.near.text .near.text.*)

.rodata         0x00009280      0x577
                0x00009280                . = ALIGN (0x2)
 *(.rodata .rodata.* .gnu.linkonce.r.*)
 .rodata        0x00009280      0x360 test_rime_simple.co
                0x000095b4                autostart_processes
 .rodata        0x000095e0       0xe5 obj_sky/contiki-sky-main.o
 *fill*         0x000096c5        0x1 00
 .rodata        0x000096c6       0x10 contiki-sky.a(button-sensor.o)
                0x000096ce                button_sensor
 .rodata        0x000096d6        0x8 contiki-sky.a(sensors.o)
 *fill*         0x000096de        0x2 00
 .rodata.get_value
                0x000096e0       0x1c contiki-sky.a(cc2420.o)
 .rodata        0x000096fc       0x3e contiki-sky.a(cc2420.o)
                0x000096fc                cc2420_aes_128_driver
                0x00009700                cc2420_driver
 .rodata        0x0000973a        0xf contiki-sky.a(ctimer.o)
 .rodata        0x00009749        0xc contiki-sky.a(etimer.o)
 .rodata        0x00009755        0xe contiki-sky.a(serial-line.o)
 *fill*         0x00009763        0x1 00
 .rodata        0x00009764        0x8 contiki-sky.a(broadcast.o)
 .rodata        0x0000976c        0xc contiki-sky.a(rime.o)
                0x00009772                rime_driver
 .rodata        0x00009778        0xa contiki-sky.a(unicast.o)
 .rodata        0x00009782       0x14 contiki-sky.a(csma.o)
                0x00009788                csma_driver
 .rodata        0x00009796        0x2 contiki-sky.a(linkaddr.o)
                0x00009796                linkaddr_null
 .rodata        0x00009798       0x1c contiki-sky.a(contikimac.o)
                0x000097a4                contikimac_driver
 .rodata        0x000097b4        0x8 contiki-sky.a(contikimac-fram)
                0x000097b4                contikimac_framer
 .rodata        0x000097bc       0x14 contiki-sky.a(nullsec.o)
                0x000097c4                nullsec_driver
 .rodata        0x000097d0        0x2 contiki-sky.a(abc.o)
 .rodata        0x000097d2        0x4 contiki-sky.a(broadcast-annou)
 .rodata        0x000097d6        0x8 contiki-sky.a(framer-802154.o)
                0x000097d6                framer_802154
 .rodata        0x000097de       0x10 contiki-sky.a(chameleon-bitop)
                0x000097de                chameleon_bitopt
 .rodata        0x000097ee        0x2 contiki-sky.a(frame802154.o)
 .rodata.vuprintf
                0x000097f0        0x7 /usr/local/msp430/bin/../lib/gcc/msp430/4.7.0/../../../../msp430/lib/mmpy-16/libc.a(vuprintf.o)
 *(.near.rodata .near.rodata.*)
                0x000097f8                . = ALIGN (0x2)
                0x000097f8                _etext = .

.data           0x00001100       0x78 load address 0x000097f8
                0x00001100                . = ALIGN (0x2)
                0x00001100                __data_start = .
 *(.data .data.* .gnu.linkonce.d.*)
 .data          0x00001100       0x14 test_rime_simple.co
                0x00001100                main_process
                0x0000110a                example_broadcast_process
 .data          0x00001114        0x4 contiki-sky.a(contiki-sky-pla)
                0x00001114                sensors
 .data          0x00001118        0xa contiki-sky.a(sensors.o)
                0x00001118                sensors_process
 .data          0x00001122        0xa contiki-sky.a(cc2420.o)
                0x00001122                cc2420_process
 .data          0x0000112c        0x2 contiki-sky.a(msp430.o)
 .data          0x0000112e        0xa contiki-sky.a(ctimer.o)
                0x0000112e                ctimer_process
 .data          0x00001138        0xa contiki-sky.a(etimer.o)
                0x00001138                etimer_process
 .data          0x00001142        0xa contiki-sky.a(serial-line.o)
                0x00001142                serial_line_process
 .data          0x0000114c       0x18 contiki-sky.a(csma.o)
 .data          0x00001164       0x10 contiki-sky.a(queuebuf.o)
 .data.next     0x00001174        0x4 /usr/local/msp430/bin/../lib/gcc/msp430/4.7.0/../../../../msp430/lib/mmpy-16/libc.a(rand.o)
 *(.near.data .near.data.*)
                0x00001178                . = ALIGN (0x2)
                0x00001178                _edata = .
                0x000097f8                __data_load_start = LOADADDR (.data)
                0x00000078                __data_size = SIZEOF (.data)

.bss            0x00001178     0x120e load address 0x00009870
                0x00001178                __bss_start = .
 *(.bss .bss.*)
 .bss           0x00001178       0x62 test_rime_simple.co
 .bss           0x000011da        0xc obj_sky/contiki-sky-main.o
 .bss           0x000011e6        0x8 contiki-sky.a(button-sensor.o)
 .bss           0x000011ee        0x2 contiki-sky.a(node-id.o)
                0x000011ee                node_id
 .bss           0x000011f0        0x6 contiki-sky.a(sensors.o)
 .bss           0x000011f6        0x8 contiki-sky.a(cc2420.o)
 .bss           0x000011fe       0x9a contiki-sky.a(uart1.o)
 .bss           0x00001298        0xa contiki-sky.a(clock.o)
 .bss           0x000012a2        0x1 contiki-sky.a(leds.o)
 *fill*         0x000012a3        0x1 00
 .bss           0x000012a4        0x2 contiki-sky.a(watchdog.o)
 .bss           0x000012a6        0x4 contiki-sky.a(ctimer.o)
 .bss           0x000012aa        0x6 contiki-sky.a(etimer.o)
 .bss           0x000012b0       0x42 contiki-sky.a(process.o)
                0x000012b0                process_current
                0x000012b2                process_list
 .bss           0x000012f2        0x2 contiki-sky.a(rtimer.o)
 .bss           0x000012f4      0x10a contiki-sky.a(serial-line.o)
 .bss           0x000013fe        0x2 contiki-sky.a(channel.o)
 .bss           0x00001400        0x2 contiki-sky.a(rime.o)
 .bss           0x00001402      0x128 contiki-sky.a(csma.o)
 .bss           0x0000152a       0xb8 contiki-sky.a(packetbuf.o)
 .bss           0x000015e2      0xc20 contiki-sky.a(queuebuf.o)
 .bss           0x00002202       0x32 contiki-sky.a(contikimac.o)
 .bss           0x00002234        0x8 contiki-sky.a(compower.o)
 .bss           0x0000223c        0x6 contiki-sky.a(announcement.o)
 .bss           0x00002242       0x46 contiki-sky.a(broadcast-annou)
 .bss           0x00002288        0x2 contiki-sky.a(framer-802154.o)
 .bss           0x0000228a       0x40 contiki-sky.a(mac-sequence.o)
 *(.near.bss .near.bss.*)
 *(COMMON)
 COMMON         0x000022ca        0x2 contiki-sky.a(contiki-sky-pla)
                0x000022ca                sensors_flags
 COMMON         0x000022cc        0x8 contiki-sky.a(ds2411.o)
                0x000022cc                ds2411_id
 COMMON         0x000022d4        0x1 contiki-sky.a(sensors.o)
                0x000022d4                sensors_event
 *fill*         0x000022d5        0x1 00
 COMMON         0x000022d6       0x10 contiki-sky.a(cc2420.o)
                0x000022d6                cc2420_last_rssi
                0x000022d8                cc2420_sfd_start_time
                0x000022da                cc2420_time_of_departure
                0x000022dc                cc2420_time_of_arrival
                0x000022de                cc2420_last_correlation
                0x000022e0                cc2420_authority_level_of_sender
                0x000022e2                cc2420_sfd_counter
                0x000022e4                cc2420_sfd_end_time
 COMMON         0x000022e6        0x2 contiki-sky.a(msp430.o)
                0x000022e6                msp430_dco_required
 COMMON         0x000022e8       0x56 contiki-sky.a(energest.o)
                0x000022e8                energest_total_time
                0x00002318                energest_total_count
                0x0000231a                energest_current_mode
                0x00002326                energest_current_time
 COMMON         0x0000233e        0x1 contiki-sky.a(process.o)
                0x0000233e                process_maxevents
 COMMON         0x0000233f        0x1 contiki-sky.a(serial-line.o)
                0x0000233f                serial_line_event_message
 COMMON         0x00002340        0x2 contiki-sky.a(linkaddr.o)
                0x00002340                linkaddr_node_addr
 COMMON         0x00002342       0x3c contiki-sky.a(packetbuf.o)
                0x00002342                packetbuf_addrs
                0x0000234a                packetbuf_attrs
 COMMON         0x0000237e        0x8 contiki-sky.a(compower.o)
                0x0000237e                compower_idle_activity
                0x00002386                . = ALIGN (0x2)
                0x00002386                __bss_end = .
                0x0000120e                __bss_size = SIZEOF (.bss)

.noinit         0x00002386        0x2 load address 0x00009870
                0x00002386                . = ALIGN (0x2)
                0x00002386                __noinit_start = .
 *(.noinit .noinit.*)
 .noinit.crt0   0x00002386        0x2 /usr/local/msp430/bin/../lib/gcc/msp430/4.7.0/mmpy-16/libcrt0.a(__watchdog_support.o)
                0x00002386                __wdt_clear_value
                0x00002388                . = ALIGN (0x2)
                0x00002388                __noinit_end = .
                0x00002388                . = ALIGN (0x2)
                0x00002388                _end = .

.infomem        0x00001000        0x0
                0x00001000                . = ALIGN (0x2)
 *(.infomem .infomem.*)

.infomemnobits  0x00001000        0x0
                0x00001000                . = ALIGN (0x2)
 *(.infomemnobits .infomemnobits.*)

.infoa          0x00001080        0x0
                0x00001080                . = ALIGN (0x2)
 *(.infoa .infoa.*)

.infob          0x00001000        0x0
                0x00001000                . = ALIGN (0x2)
 *(.infob .infob.*)

.infoc          0x00000000        0x0
                0x00000000                . = ALIGN (0x2)
 *(.infoc .infoc.*)

.infod          0x00000000        0x0
                0x00000000                . = ALIGN (0x2)
 *(.infod .infod.*)

.vectors        0x0000ffe0       0x20
                0x0000ffe0                __vectors_start = .
 *(.vectors*)
 .vectors       0x0000ffe0       0x20 /usr/local/msp430/bin/../lib/gcc/msp430/4.7.0/mmpy-16/crt0ivtbl16.o
                0x0000ffe0                __ivtbl_16
                0x00010000                _vectors_end = .

.fartext        0x00000000        0x0
                0x00000000                . = ALIGN (0x2)
 *(.fartext .fartext.*)

.far.text       0x00000000        0x0
                0x00000000                . = ALIGN (0x2)
 *(.far.text .far.text.*)

.far.rodata     0x00000000        0x0
                0x00000000                . = ALIGN (0x2)
 *(.far.rodata .far.rodata.*)
                0x00000000                . = ALIGN (0x2)
                0x00000000                _efartext = .

.far.data       0x00000000        0x0
                0x00000000                . = ALIGN (0x2)
                0x00000000                __far_data_start = .
 *(.far.data .far.data.*)
                0x00000000                . = ALIGN (0x2)
                0x00000000                _efardata = .
                0x00000000                __far_data_load_start = LOADADDR (.far.data)
                0x00000000                __far_data_size = SIZEOF (.far.data)

.far.bss        0x00000000        0x0
                0x00000000                . = ALIGN (0x2)
                0x00000000                __far_bss_start = .
 *(.far.bss .far.bss.*)
                0x00000000                . = ALIGN (0x2)
                0x00000000                __far_bss_end = .
                0x00000000                __far_bss_size = SIZEOF (.far.bss)
                0x00000000                . = ALIGN (0x2)
                0x00000000                _far_end = .

.profiler
 *(.profiler)

.stab           0x00000000    0x1a0ac
 *(.stab)
 .stab          0x00000000     0x1c20 test_rime_simple.co
 .stab          0x00001c20     0x1074 obj_sky/contiki-sky-main.o
                               0x17ac (size before relaxing)
 .stab          0x00002c94      0x24c contiki-sky.a(contiki-sky-pla)
                                0x5ac (size before relaxing)
 .stab          0x00002ee0      0x468 contiki-sky.a(button-sensor.o)
                                0x7d4 (size before relaxing)
 .stab          0x00003348      0x618 contiki-sky.a(ds2411.o)
                                0xb34 (size before relaxing)
 .stab          0x00003960      0x9d8 contiki-sky.a(xmem.o)
                                0xf00 (size before relaxing)
 .stab          0x00004338      0x2b8 contiki-sky.a(node-id.o)
                                0x4e0 (size before relaxing)
 .stab          0x000045f0      0x69c contiki-sky.a(sensors.o)
                                0xbb8 (size before relaxing)
 .stab          0x00004c8c     0x22c8 contiki-sky.a(cc2420.o)
                               0x2c40 (size before relaxing)
 .stab          0x00006f54      0x9cc contiki-sky.a(cc2420-arch.o)
                               0x13f8 (size before relaxing)
 .stab          0x00007920      0x600 contiki-sky.a(uart1.o)
                                0x954 (size before relaxing)
 .stab          0x00007f20      0x27c contiki-sky.a(uart1-putchar.o)
                                0x7bc (size before relaxing)
 .stab          0x0000819c      0x72c contiki-sky.a(msp430.o)
                                0xa80 (size before relaxing)
 .stab          0x000088c8      0x930 contiki-sky.a(clock.o)
                                0xc84 (size before relaxing)
 .stab          0x000091f8      0x5a0 contiki-sky.a(leds.o)
                                0x7ec (size before relaxing)
 .stab          0x00009798      0x378 contiki-sky.a(leds-arch.o)
                                0x6cc (size before relaxing)
 .stab          0x00009b10      0x3cc contiki-sky.a(watchdog.o)
                                0x720 (size before relaxing)
 .stab          0x00009edc      0x3b4 contiki-sky.a(rtimer-arch.o)
                                0x708 (size before relaxing)
 .stab          0x0000a290      0x294 contiki-sky.a(autostart.o)
                                0x534 (size before relaxing)
 .stab          0x0000a524      0x78c contiki-sky.a(ctimer.o)
                                0xaf8 (size before relaxing)
 .stab          0x0000acb0      0x474 contiki-sky.a(energest.o)
                                0x6fc (size before relaxing)
 .stab          0x0000b124      0x9fc contiki-sky.a(etimer.o)
                                0xccc (size before relaxing)
 .stab          0x0000bb20      0xb70 contiki-sky.a(process.o)
                               0x1008 (size before relaxing)
 .stab          0x0000c690      0x3cc contiki-sky.a(rtimer.o)
                                0x6b4 (size before relaxing)
 .stab          0x0000ca5c      0x348 contiki-sky.a(timer.o)
                                0x588 (size before relaxing)
 .stab          0x0000cda4      0x51c contiki-sky.a(serial-line.o)
                                0xa38 (size before relaxing)
 .stab          0x0000d2c0      0x7bc contiki-sky.a(list.o)
                                0x7c8 (size before relaxing)
 .stab          0x0000da7c      0x21c contiki-sky.a(random.o)
                                0x618 (size before relaxing)
 .stab          0x0000dc98      0x3f0 contiki-sky.a(ringbuf.o)
                                0x630 (size before relaxing)
 .stab          0x0000e088      0x6cc contiki-sky.a(broadcast.o)
                               0x1500 (size before relaxing)
 .stab          0x0000e754      0x654 contiki-sky.a(channel.o)
                               0x1278 (size before relaxing)
 .stab          0x0000eda8      0xcb4 contiki-sky.a(rime.o)
                               0x13f8 (size before relaxing)
 .stab          0x0000fa5c      0x618 contiki-sky.a(unicast.o)
                               0x1290 (size before relaxing)
 .stab          0x00010074      0xdec contiki-sky.a(csma.o)
                               0x159c (size before relaxing)
 .stab          0x00010e60      0x1f8 contiki-sky.a(mac.o)
                                0x4ec (size before relaxing)
 .stab          0x00011058      0x2ac contiki-sky.a(linkaddr.o)
                                0x6a8 (size before relaxing)
 .stab          0x00011304      0xd74 contiki-sky.a(packetbuf.o)
                               0x1bc0 (size before relaxing)
 .stab          0x00012078      0xa38 contiki-sky.a(queuebuf.o)
                               0x186c (size before relaxing)
 .stab          0x00012ab0     0x17ac contiki-sky.a(contikimac.o)
                               0x23b8 (size before relaxing)
 .stab          0x0001425c      0x6d8 contiki-sky.a(contikimac-fram)
                                0xf18 (size before relaxing)
 .stab          0x00014934      0x684 contiki-sky.a(nullsec.o)
                                0xd80 (size before relaxing)
 .stab          0x00014fb8      0x1f8 contiki-sky.a(spi.o)
                                0x420 (size before relaxing)
 .stab          0x000151b0      0x4ec contiki-sky.a(compower.o)
                                0xcf0 (size before relaxing)
 .stab          0x0001569c      0x5c4 contiki-sky.a(memb.o)
                                0xaf8 (size before relaxing)
 .stab          0x00015c60      0x660 contiki-sky.a(abc.o)
                               0x1494 (size before relaxing)
 .stab          0x000162c0      0x6b4 contiki-sky.a(announcement.o)
                                0x954 (size before relaxing)
 .stab          0x00016974      0x948 contiki-sky.a(broadcast-annou)
                               0x15c0 (size before relaxing)
 .stab          0x000172bc      0x588 contiki-sky.a(chameleon.o)
                               0x1230 (size before relaxing)
 .stab          0x00017844      0x918 contiki-sky.a(framer-802154.o)
                                0xf54 (size before relaxing)
 .stab          0x0001815c      0x318 contiki-sky.a(framer.o)
                                0xc54 (size before relaxing)
 .stab          0x00018474      0x600 contiki-sky.a(mac-sequence.o)
                               0x144c (size before relaxing)
 .stab          0x00018a74      0xd44 contiki-sky.a(chameleon-bitop)
                               0x19bc (size before relaxing)
 .stab          0x000197b8      0x8f4 contiki-sky.a(frame802154.o)
                               0x10c8 (size before relaxing)

.stabstr        0x00000000    0x15bf3
 *(.stabstr)
 .stabstr       0x00000000    0x15bf3 test_rime_simple.co

.stab.excl
 *(.stab.excl)

.stab.exclstr
 *(.stab.exclstr)

.stab.index
 *(.stab.index)

.stab.indexstr
 *(.stab.indexstr)

.comment        0x00000000       0x30
 *(.comment)
 .comment       0x00000000       0x30 test_rime_simple.co
                                 0x31 (size before relaxing)
 .comment       0x00000000       0x31 obj_sky/contiki-sky-main.o
 .comment       0x00000000       0x31 contiki-sky.a(contiki-sky-pla)
 .comment       0x00000000       0x31 contiki-sky.a(button-sensor.o)
 .comment       0x00000000       0x31 contiki-sky.a(ds2411.o)
 .comment       0x00000000       0x31 contiki-sky.a(xmem.o)
 .comment       0x00000000       0x31 contiki-sky.a(node-id.o)
 .comment       0x00000000       0x31 contiki-sky.a(sensors.o)
 .comment       0x00000000       0x31 contiki-sky.a(cc2420.o)
 .comment       0x00000000       0x31 contiki-sky.a(cc2420-arch.o)
 .comment       0x00000000       0x31 contiki-sky.a(uart1.o)
 .comment       0x00000000       0x31 contiki-sky.a(uart1-putchar.o)
 .comment       0x00000000       0x31 contiki-sky.a(msp430.o)
 .comment       0x00000000       0x31 contiki-sky.a(clock.o)
 .comment       0x00000000       0x31 contiki-sky.a(leds.o)
 .comment       0x00000000       0x31 contiki-sky.a(leds-arch.o)
 .comment       0x00000000       0x31 contiki-sky.a(watchdog.o)
 .comment       0x00000000       0x31 contiki-sky.a(rtimer-arch.o)
 .comment       0x00000000       0x31 contiki-sky.a(autostart.o)
 .comment       0x00000000       0x31 contiki-sky.a(ctimer.o)
 .comment       0x00000000       0x31 contiki-sky.a(energest.o)
 .comment       0x00000000       0x31 contiki-sky.a(etimer.o)
 .comment       0x00000000       0x31 contiki-sky.a(process.o)
 .comment       0x00000000       0x31 contiki-sky.a(rtimer.o)
 .comment       0x00000000       0x31 contiki-sky.a(timer.o)
 .comment       0x00000000       0x31 contiki-sky.a(serial-line.o)
 .comment       0x00000000       0x31 contiki-sky.a(list.o)
 .comment       0x00000000       0x31 contiki-sky.a(random.o)
 .comment       0x00000000       0x31 contiki-sky.a(ringbuf.o)
 .comment       0x00000000       0x31 contiki-sky.a(broadcast.o)
 .comment       0x00000000       0x31 contiki-sky.a(channel.o)
 .comment       0x00000000       0x31 contiki-sky.a(rime.o)
 .comment       0x00000000       0x31 contiki-sky.a(unicast.o)
 .comment       0x00000000       0x31 contiki-sky.a(csma.o)
 .comment       0x00000000       0x31 contiki-sky.a(mac.o)
 .comment       0x00000000       0x31 contiki-sky.a(linkaddr.o)
 .comment       0x00000000       0x31 contiki-sky.a(packetbuf.o)
 .comment       0x00000000       0x31 contiki-sky.a(queuebuf.o)
 .comment       0x00000000       0x31 contiki-sky.a(contikimac.o)
 .comment       0x00000000       0x31 contiki-sky.a(contikimac-fram)
 .comment       0x00000000       0x31 contiki-sky.a(nullsec.o)
 .comment       0x00000000       0x31 contiki-sky.a(spi.o)
 .comment       0x00000000       0x31 contiki-sky.a(compower.o)
 .comment       0x00000000       0x31 contiki-sky.a(memb.o)
 .comment       0x00000000       0x31 contiki-sky.a(abc.o)
 .comment       0x00000000       0x31 contiki-sky.a(announcement.o)
 .comment       0x00000000       0x31 contiki-sky.a(broadcast-annou)
 .comment       0x00000000       0x31 contiki-sky.a(chameleon.o)
 .comment       0x00000000       0x31 contiki-sky.a(framer-802154.o)
 .comment       0x00000000       0x31 contiki-sky.a(framer.o)
 .comment       0x00000000       0x31 contiki-sky.a(mac-sequence.o)
 .comment       0x00000000       0x31 contiki-sky.a(chameleon-bitop)
 .comment       0x00000000       0x31 contiki-sky.a(frame802154.o)
 .comment       0x00000000       0x31 /usr/local/msp430/bin/../lib/gcc/msp430/4.7.0/../../../../msp430/lib/mmpy-16/libc.a(printf.o)
 .comment       0x00000000       0x31 /usr/local/msp430/bin/../lib/gcc/msp430/4.7.0/../../../../msp430/lib/mmpy-16/libc.a(vuprintf.o)
 .comment       0x00000000       0x31 /usr/local/msp430/bin/../lib/gcc/msp430/4.7.0/../../../../msp430/lib/mmpy-16/libc.a(puts.o)
 .comment       0x00000000       0x31 /usr/local/msp430/bin/../lib/gcc/msp430/4.7.0/../../../../msp430/lib/mmpy-16/libc.a(rand.o)
 .comment       0x00000000       0x31 /usr/local/msp430/bin/../lib/gcc/msp430/4.7.0/../../../../msp430/lib/mmpy-16/libc.a(strcmp.o)
 .comment       0x00000000       0x31 /usr/local/msp430/bin/../lib/gcc/msp430/4.7.0/../../../../msp430/lib/mmpy-16/libc.a(memcmp.o)
 .comment       0x00000000       0x31 /usr/local/msp430/bin/../lib/gcc/msp430/4.7.0/../../../../msp430/lib/mmpy-16/libc.a(memcpy.o)
 .comment       0x00000000       0x31 /usr/local/msp430/bin/../lib/gcc/msp430/4.7.0/../../../../msp430/lib/mmpy-16/libc.a(memset.o)

.debug
 *(.debug)

.line
 *(.line)

.debug_srcinfo
 *(.debug_srcinfo)

.debug_sfnames
 *(.debug_sfnames)

.debug_aranges  0x00000000      0x18c
 *(.debug_aranges)
 .debug_aranges
                0x00000000       0x14 /usr/local/msp430/bin/../lib/gcc/msp430/4.7.0/mmpy-16/crt0ivtbl16.o
 .debug_aranges
                0x00000014       0x14 /usr/local/msp430/bin/../lib/gcc/msp430/4.7.0/mmpy-16/libgcc.a(_mulsi3.o)
 .debug_aranges
                0x00000028       0x14 /usr/local/msp430/bin/../lib/gcc/msp430/4.7.0/mmpy-16/libgcc.a(_udivmod32.o)
 .debug_aranges
                0x0000003c       0x18 /usr/local/msp430/bin/../lib/gcc/msp430/4.7.0/../../../../msp430/lib/mmpy-16/libc.a(printf.o)
 .debug_aranges
                0x00000054       0x18 /usr/local/msp430/bin/../lib/gcc/msp430/4.7.0/../../../../msp430/lib/mmpy-16/libc.a(vuprintf.o)
 .debug_aranges
                0x0000006c       0x14 /usr/local/msp430/bin/../lib/gcc/msp430/4.7.0/../../../../msp430/lib/mmpy-16/libc.a(puts.o)
 .debug_aranges
                0x00000080       0x1c /usr/local/msp430/bin/../lib/gcc/msp430/4.7.0/../../../../msp430/lib/mmpy-16/libc.a(rand.o)
 .debug_aranges
                0x0000009c       0x14 /usr/local/msp430/bin/../lib/gcc/msp430/4.7.0/../../../../msp430/lib/mmpy-16/libc.a(strcmp.o)
 .debug_aranges
                0x000000b0       0x14 /usr/local/msp430/bin/../lib/gcc/msp430/4.7.0/../../../../msp430/lib/mmpy-16/libc.a(memcmp.o)
 .debug_aranges
                0x000000c4       0x14 /usr/local/msp430/bin/../lib/gcc/msp430/4.7.0/../../../../msp430/lib/mmpy-16/libc.a(memcpy.o)
 .debug_aranges
                0x000000d8       0x14 /usr/local/msp430/bin/../lib/gcc/msp430/4.7.0/../../../../msp430/lib/mmpy-16/libc.a(memset.o)
 .debug_aranges
                0x000000ec       0x14 /usr/local/msp430/bin/../lib/gcc/msp430/4.7.0/mmpy-16/libgcc.a(_udivmod16.o)
 .debug_aranges
                0x00000100       0x14 /usr/local/msp430/bin/../lib/gcc/msp430/4.7.0/mmpy-16/libgcc.a(_udivmod64.o)
 .debug_aranges
                0x00000114       0x14 /usr/local/msp430/bin/../lib/gcc/msp430/4.7.0/mmpy-16/libcrt0.a(__watchdog_support.o)
 .debug_aranges
                0x00000128       0x14 /usr/local/msp430/bin/../lib/gcc/msp430/4.7.0/mmpy-16/libcrt0.a(__init_stack.o)
 .debug_aranges
                0x0000013c       0x14 /usr/local/msp430/bin/../lib/gcc/msp430/4.7.0/mmpy-16/libcrt0.a(_copy_data.o)
 .debug_aranges
                0x00000150       0x14 /usr/local/msp430/bin/../lib/gcc/msp430/4.7.0/mmpy-16/libcrt0.a(_clear_bss.o)
 .debug_aranges
                0x00000164       0x14 /usr/local/msp430/bin/../lib/gcc/msp430/4.7.0/mmpy-16/libcrt0.a(_endless_loop__.o)
 .debug_aranges
                0x00000178       0x14 /usr/local/msp430/bin/../lib/gcc/msp430/4.7.0/mmpy-16/libcrt0.a(_unexpected_.o)

.debug_pubnames
 *(.debug_pubnames)

.debug_info     0x00000000     0x139f
 *(.debug_info)
 .debug_info    0x00000000       0x9b /usr/local/msp430/bin/../lib/gcc/msp430/4.7.0/mmpy-16/crt0ivtbl16.o
 .debug_info    0x0000009b       0x98 /usr/local/msp430/bin/../lib/gcc/msp430/4.7.0/mmpy-16/libgcc.a(_mulsi3.o)
 .debug_info    0x00000133       0x98 /usr/local/msp430/bin/../lib/gcc/msp430/4.7.0/mmpy-16/libgcc.a(_udivmod32.o)
 .debug_info    0x000001cb      0x16e /usr/local/msp430/bin/../lib/gcc/msp430/4.7.0/../../../../msp430/lib/mmpy-16/libc.a(printf.o)
 .debug_info    0x00000339      0x5d4 /usr/local/msp430/bin/../lib/gcc/msp430/4.7.0/../../../../msp430/lib/mmpy-16/libc.a(vuprintf.o)
 .debug_info    0x0000090d       0xc7 /usr/local/msp430/bin/../lib/gcc/msp430/4.7.0/../../../../msp430/lib/mmpy-16/libc.a(puts.o)
 .debug_info    0x000009d4      0x146 /usr/local/msp430/bin/../lib/gcc/msp430/4.7.0/../../../../msp430/lib/mmpy-16/libc.a(rand.o)
 .debug_info    0x00000b1a       0xa9 /usr/local/msp430/bin/../lib/gcc/msp430/4.7.0/../../../../msp430/lib/mmpy-16/libc.a(strcmp.o)
 .debug_info    0x00000bc3       0xe5 /usr/local/msp430/bin/../lib/gcc/msp430/4.7.0/../../../../msp430/lib/mmpy-16/libc.a(memcmp.o)
 .debug_info    0x00000ca8      0x12c /usr/local/msp430/bin/../lib/gcc/msp430/4.7.0/../../../../msp430/lib/mmpy-16/libc.a(memcpy.o)
 .debug_info    0x00000dd4      0x117 /usr/local/msp430/bin/../lib/gcc/msp430/4.7.0/../../../../msp430/lib/mmpy-16/libc.a(memset.o)
 .debug_info    0x00000eeb       0x98 /usr/local/msp430/bin/../lib/gcc/msp430/4.7.0/mmpy-16/libgcc.a(_udivmod16.o)
 .debug_info    0x00000f83       0x98 /usr/local/msp430/bin/../lib/gcc/msp430/4.7.0/mmpy-16/libgcc.a(_udivmod64.o)
 .debug_info    0x0000101b       0x96 /usr/local/msp430/bin/../lib/gcc/msp430/4.7.0/mmpy-16/libcrt0.a(__watchdog_support.o)
 .debug_info    0x000010b1       0x96 /usr/local/msp430/bin/../lib/gcc/msp430/4.7.0/mmpy-16/libcrt0.a(__init_stack.o)
 .debug_info    0x00001147       0x96 /usr/local/msp430/bin/../lib/gcc/msp430/4.7.0/mmpy-16/libcrt0.a(_copy_data.o)
 .debug_info    0x000011dd       0x96 /usr/local/msp430/bin/../lib/gcc/msp430/4.7.0/mmpy-16/libcrt0.a(_clear_bss.o)
 .debug_info    0x00001273       0x96 /usr/local/msp430/bin/../lib/gcc/msp430/4.7.0/mmpy-16/libcrt0.a(_endless_loop__.o)
 .debug_info    0x00001309       0x96 /usr/local/msp430/bin/../lib/gcc/msp430/4.7.0/mmpy-16/libcrt0.a(_unexpected_.o)
 *(.gnu.linkonce.wi.*)

.debug_abbrev   0x00000000      0x801
 *(.debug_abbrev)
 .debug_abbrev  0x00000000       0x14 /usr/local/msp430/bin/../lib/gcc/msp430/4.7.0/mmpy-16/crt0ivtbl16.o
 .debug_abbrev  0x00000014       0x14 /usr/local/msp430/bin/../lib/gcc/msp430/4.7.0/mmpy-16/libgcc.a(_mulsi3.o)
 .debug_abbrev  0x00000028       0x14 /usr/local/msp430/bin/../lib/gcc/msp430/4.7.0/mmpy-16/libgcc.a(_udivmod32.o)
 .debug_abbrev  0x0000003c       0xfa /usr/local/msp430/bin/../lib/gcc/msp430/4.7.0/../../../../msp430/lib/mmpy-16/libc.a(printf.o)
 .debug_abbrev  0x00000136      0x23e /usr/local/msp430/bin/../lib/gcc/msp430/4.7.0/../../../../msp430/lib/mmpy-16/libc.a(vuprintf.o)
 .debug_abbrev  0x00000374       0xa3 /usr/local/msp430/bin/../lib/gcc/msp430/4.7.0/../../../../msp430/lib/mmpy-16/libc.a(puts.o)
 .debug_abbrev  0x00000417       0xfb /usr/local/msp430/bin/../lib/gcc/msp430/4.7.0/../../../../msp430/lib/mmpy-16/libc.a(rand.o)
 .debug_abbrev  0x00000512       0x65 /usr/local/msp430/bin/../lib/gcc/msp430/4.7.0/../../../../msp430/lib/mmpy-16/libc.a(strcmp.o)
 .debug_abbrev  0x00000577       0x9e /usr/local/msp430/bin/../lib/gcc/msp430/4.7.0/../../../../msp430/lib/mmpy-16/libc.a(memcmp.o)
 .debug_abbrev  0x00000615       0xab /usr/local/msp430/bin/../lib/gcc/msp430/4.7.0/../../../../msp430/lib/mmpy-16/libc.a(memcpy.o)
 .debug_abbrev  0x000006c0       0xa1 /usr/local/msp430/bin/../lib/gcc/msp430/4.7.0/../../../../msp430/lib/mmpy-16/libc.a(memset.o)
 .debug_abbrev  0x00000761       0x14 /usr/local/msp430/bin/../lib/gcc/msp430/4.7.0/mmpy-16/libgcc.a(_udivmod16.o)
 .debug_abbrev  0x00000775       0x14 /usr/local/msp430/bin/../lib/gcc/msp430/4.7.0/mmpy-16/libgcc.a(_udivmod64.o)
 .debug_abbrev  0x00000789       0x14 /usr/local/msp430/bin/../lib/gcc/msp430/4.7.0/mmpy-16/libcrt0.a(__watchdog_support.o)
 .debug_abbrev  0x0000079d       0x14 /usr/local/msp430/bin/../lib/gcc/msp430/4.7.0/mmpy-16/libcrt0.a(__init_stack.o)
 .debug_abbrev  0x000007b1       0x14 /usr/local/msp430/bin/../lib/gcc/msp430/4.7.0/mmpy-16/libcrt0.a(_copy_data.o)
 .debug_abbrev  0x000007c5       0x14 /usr/local/msp430/bin/../lib/gcc/msp430/4.7.0/mmpy-16/libcrt0.a(_clear_bss.o)
 .debug_abbrev  0x000007d9       0x14 /usr/local/msp430/bin/../lib/gcc/msp430/4.7.0/mmpy-16/libcrt0.a(_endless_loop__.o)
 .debug_abbrev  0x000007ed       0x14 /usr/local/msp430/bin/../lib/gcc/msp430/4.7.0/mmpy-16/libcrt0.a(_unexpected_.o)

.debug_line     0x00000000      0xc44
 *(.debug_line)
 .debug_line    0x00000000       0x64 /usr/local/msp430/bin/../lib/gcc/msp430/4.7.0/mmpy-16/crt0ivtbl16.o
 .debug_line    0x00000064       0x77 /usr/local/msp430/bin/../lib/gcc/msp430/4.7.0/mmpy-16/libgcc.a(_mulsi3.o)
 .debug_line    0x000000db       0x7f /usr/local/msp430/bin/../lib/gcc/msp430/4.7.0/mmpy-16/libgcc.a(_udivmod32.o)
 .debug_line    0x0000015a       0xa9 /usr/local/msp430/bin/../lib/gcc/msp430/4.7.0/../../../../msp430/lib/mmpy-16/libc.a(printf.o)
 .debug_line    0x00000203      0x30a /usr/local/msp430/bin/../lib/gcc/msp430/4.7.0/../../../../msp430/lib/mmpy-16/libc.a(vuprintf.o)
 .debug_line    0x0000050d       0x65 /usr/local/msp430/bin/../lib/gcc/msp430/4.7.0/../../../../msp430/lib/mmpy-16/libc.a(puts.o)
 .debug_line    0x00000572       0x68 /usr/local/msp430/bin/../lib/gcc/msp430/4.7.0/../../../../msp430/lib/mmpy-16/libc.a(rand.o)
 .debug_line    0x000005da       0x49 /usr/local/msp430/bin/../lib/gcc/msp430/4.7.0/../../../../msp430/lib/mmpy-16/libc.a(strcmp.o)
 .debug_line    0x00000623       0x8f /usr/local/msp430/bin/../lib/gcc/msp430/4.7.0/../../../../msp430/lib/mmpy-16/libc.a(memcmp.o)
 .debug_line    0x000006b2      0x118 /usr/local/msp430/bin/../lib/gcc/msp430/4.7.0/../../../../msp430/lib/mmpy-16/libc.a(memcpy.o)
 .debug_line    0x000007ca       0xf2 /usr/local/msp430/bin/../lib/gcc/msp430/4.7.0/../../../../msp430/lib/mmpy-16/libc.a(memset.o)
 .debug_line    0x000008bc       0x70 /usr/local/msp430/bin/../lib/gcc/msp430/4.7.0/mmpy-16/libgcc.a(_udivmod16.o)
 .debug_line    0x0000092c       0xc9 /usr/local/msp430/bin/../lib/gcc/msp430/4.7.0/mmpy-16/libgcc.a(_udivmod64.o)
 .debug_line    0x000009f5       0x62 /usr/local/msp430/bin/../lib/gcc/msp430/4.7.0/mmpy-16/libcrt0.a(__watchdog_support.o)
 .debug_line    0x00000a57       0x60 /usr/local/msp430/bin/../lib/gcc/msp430/4.7.0/mmpy-16/libcrt0.a(__init_stack.o)
 .debug_line    0x00000ab7       0x66 /usr/local/msp430/bin/../lib/gcc/msp430/4.7.0/mmpy-16/libcrt0.a(_copy_data.o)
 .debug_line    0x00000b1d       0x66 /usr/local/msp430/bin/../lib/gcc/msp430/4.7.0/mmpy-16/libcrt0.a(_clear_bss.o)
 .debug_line    0x00000b83       0x61 /usr/local/msp430/bin/../lib/gcc/msp430/4.7.0/mmpy-16/libcrt0.a(_endless_loop__.o)
 .debug_line    0x00000be4       0x60 /usr/local/msp430/bin/../lib/gcc/msp430/4.7.0/mmpy-16/libcrt0.a(_unexpected_.o)

.debug_frame    0x00000000      0x1d4
 *(.debug_frame)
 .debug_frame   0x00000000       0x2a /usr/local/msp430/bin/../lib/gcc/msp430/4.7.0/../../../../msp430/lib/mmpy-16/libc.a(printf.o)
 .debug_frame   0x0000002a       0xa0 /usr/local/msp430/bin/../lib/gcc/msp430/4.7.0/../../../../msp430/lib/mmpy-16/libc.a(vuprintf.o)
 .debug_frame   0x000000ca       0x24 /usr/local/msp430/bin/../lib/gcc/msp430/4.7.0/../../../../msp430/lib/mmpy-16/libc.a(puts.o)
 .debug_frame   0x000000ee       0x3c /usr/local/msp430/bin/../lib/gcc/msp430/4.7.0/../../../../msp430/lib/mmpy-16/libc.a(rand.o)
 .debug_frame   0x0000012a       0x1e /usr/local/msp430/bin/../lib/gcc/msp430/4.7.0/../../../../msp430/lib/mmpy-16/libc.a(strcmp.o)
 .debug_frame   0x00000148       0x28 /usr/local/msp430/bin/../lib/gcc/msp430/4.7.0/../../../../msp430/lib/mmpy-16/libc.a(memcmp.o)
 .debug_frame   0x00000170       0x32 /usr/local/msp430/bin/../lib/gcc/msp430/4.7.0/../../../../msp430/lib/mmpy-16/libc.a(memcpy.o)
 .debug_frame   0x000001a2       0x32 /usr/local/msp430/bin/../lib/gcc/msp430/4.7.0/../../../../msp430/lib/mmpy-16/libc.a(memset.o)

.debug_str      0x00000000      0x3ef
 *(.debug_str)
 .debug_str     0x00000000       0xee /usr/local/msp430/bin/../lib/gcc/msp430/4.7.0/../../../../msp430/lib/mmpy-16/libc.a(printf.o)
                                0x136 (size before relaxing)
 .debug_str     0x000000ee      0x218 /usr/local/msp430/bin/../lib/gcc/msp430/4.7.0/../../../../msp430/lib/mmpy-16/libc.a(vuprintf.o)
                                0x381 (size before relaxing)
 .debug_str     0x00000306       0x1d /usr/local/msp430/bin/../lib/gcc/msp430/4.7.0/../../../../msp430/lib/mmpy-16/libc.a(puts.o)
                                 0xfb (size before relaxing)
 .debug_str     0x00000323       0x2f /usr/local/msp430/bin/../lib/gcc/msp430/4.7.0/../../../../msp430/lib/mmpy-16/libc.a(rand.o)
                                0x112 (size before relaxing)
 .debug_str     0x00000352       0x19 /usr/local/msp430/bin/../lib/gcc/msp430/4.7.0/../../../../msp430/lib/mmpy-16/libc.a(strcmp.o)
                                 0xf7 (size before relaxing)
 .debug_str     0x0000036b       0x20 /usr/local/msp430/bin/../lib/gcc/msp430/4.7.0/../../../../msp430/lib/mmpy-16/libc.a(memcmp.o)
                                 0xfe (size before relaxing)
 .debug_str     0x0000038b       0x3e /usr/local/msp430/bin/../lib/gcc/msp430/4.7.0/../../../../msp430/lib/mmpy-16/libc.a(memcpy.o)
                                0x12c (size before relaxing)
 .debug_str     0x000003c9       0x26 /usr/local/msp430/bin/../lib/gcc/msp430/4.7.0/../../../../msp430/lib/mmpy-16/libc.a(memset.o)
                                0x12a (size before relaxing)

.debug_loc      0x00000000      0xbfe
 *(.debug_loc)
 .debug_loc     0x00000000       0x4c /usr/local/msp430/bin/../lib/gcc/msp430/4.7.0/../../../../msp430/lib/mmpy-16/libc.a(printf.o)
 .debug_loc     0x0000004c      0x7fa /usr/local/msp430/bin/../lib/gcc/msp430/4.7.0/../../../../msp430/lib/mmpy-16/libc.a(vuprintf.o)
 .debug_loc     0x00000846       0x26 /usr/local/msp430/bin/../lib/gcc/msp430/4.7.0/../../../../msp430/lib/mmpy-16/libc.a(puts.o)
 .debug_loc     0x0000086c       0x4f /usr/local/msp430/bin/../lib/gcc/msp430/4.7.0/../../../../msp430/lib/mmpy-16/libc.a(rand.o)
 .debug_loc     0x000008bb       0x32 /usr/local/msp430/bin/../lib/gcc/msp430/4.7.0/../../../../msp430/lib/mmpy-16/libc.a(strcmp.o)
 .debug_loc     0x000008ed       0x4d /usr/local/msp430/bin/../lib/gcc/msp430/4.7.0/../../../../msp430/lib/mmpy-16/libc.a(memcmp.o)
 .debug_loc     0x0000093a      0x1e3 /usr/local/msp430/bin/../lib/gcc/msp430/4.7.0/../../../../msp430/lib/mmpy-16/libc.a(memcpy.o)
 .debug_loc     0x00000b1d       0xe1 /usr/local/msp430/bin/../lib/gcc/msp430/4.7.0/../../../../msp430/lib/mmpy-16/libc.a(memset.o)

.debug_macinfo
 *(.debug_macinfo)

.debug_pubtypes
 *(.debug_pubtypes)

.debug_ranges   0x00000000       0x68
 *(.debug_ranges)
 .debug_ranges  0x00000000        0xc /usr/local/msp430/bin/../lib/gcc/msp430/4.7.0/../../../../msp430/lib/mmpy-16/libc.a(printf.o)
 .debug_ranges  0x0000000c       0x24 /usr/local/msp430/bin/../lib/gcc/msp430/4.7.0/../../../../msp430/lib/mmpy-16/libc.a(vuprintf.o)
 .debug_ranges  0x00000030        0x8 /usr/local/msp430/bin/../lib/gcc/msp430/4.7.0/../../../../msp430/lib/mmpy-16/libc.a(puts.o)
 .debug_ranges  0x00000038       0x10 /usr/local/msp430/bin/../lib/gcc/msp430/4.7.0/../../../../msp430/lib/mmpy-16/libc.a(rand.o)
 .debug_ranges  0x00000048        0x8 /usr/local/msp430/bin/../lib/gcc/msp430/4.7.0/../../../../msp430/lib/mmpy-16/libc.a(strcmp.o)
 .debug_ranges  0x00000050        0x8 /usr/local/msp430/bin/../lib/gcc/msp430/4.7.0/../../../../msp430/lib/mmpy-16/libc.a(memcmp.o)
 .debug_ranges  0x00000058        0x8 /usr/local/msp430/bin/../lib/gcc/msp430/4.7.0/../../../../msp430/lib/mmpy-16/libc.a(memcpy.o)
 .debug_ranges  0x00000060        0x8 /usr/local/msp430/bin/../lib/gcc/msp430/4.7.0/../../../../msp430/lib/mmpy-16/libc.a(memset.o)
                0x00003900                PROVIDE (__stack, (ORIGIN (ram) + 0x2800))
                0x000097f8                __data_start_rom = _etext
                0x00009870                __data_end_rom = (_etext + SIZEOF (.data))
OUTPUT(test_rime_simple.sky elf32-msp430)
